Archive member included to satisfy reference by file (symbol)

D:/STM32CubeIDE_1.15.1/STM32CubeIDE/plugins/com.st.stm32cube.ide.mcu.externaltools.gnu-tools-for-stm32.12.3.rel1.win32_1.0.100.202403111256/tools/bin/../lib/gcc/arm-none-eabi/12.3.1/../../../../arm-none-eabi/lib/thumb/v7e-m+fp/hard\libc_nano.a(libc_a-exit.o)
                              D:/STM32CubeIDE_1.15.1/STM32CubeIDE/plugins/com.st.stm32cube.ide.mcu.externaltools.gnu-tools-for-stm32.12.3.rel1.win32_1.0.100.202403111256/tools/bin/../lib/gcc/arm-none-eabi/12.3.1/../../../../arm-none-eabi/lib/thumb/v7e-m+fp/hard/crt0.o (exit)
D:/STM32CubeIDE_1.15.1/STM32CubeIDE/plugins/com.st.stm32cube.ide.mcu.externaltools.gnu-tools-for-stm32.12.3.rel1.win32_1.0.100.202403111256/tools/bin/../lib/gcc/arm-none-eabi/12.3.1/../../../../arm-none-eabi/lib/thumb/v7e-m+fp/hard\libc_nano.a(libc_a-findfp.o)
                              D:/STM32CubeIDE_1.15.1/STM32CubeIDE/plugins/com.st.stm32cube.ide.mcu.externaltools.gnu-tools-for-stm32.12.3.rel1.win32_1.0.100.202403111256/tools/bin/../lib/gcc/arm-none-eabi/12.3.1/../../../../arm-none-eabi/lib/thumb/v7e-m+fp/hard\libc_nano.a(libc_a-exit.o) (__stdio_exit_handler)
D:/STM32CubeIDE_1.15.1/STM32CubeIDE/plugins/com.st.stm32cube.ide.mcu.externaltools.gnu-tools-for-stm32.12.3.rel1.win32_1.0.100.202403111256/tools/bin/../lib/gcc/arm-none-eabi/12.3.1/../../../../arm-none-eabi/lib/thumb/v7e-m+fp/hard\libc_nano.a(libc_a-fwalk.o)
                              D:/STM32CubeIDE_1.15.1/STM32CubeIDE/plugins/com.st.stm32cube.ide.mcu.externaltools.gnu-tools-for-stm32.12.3.rel1.win32_1.0.100.202403111256/tools/bin/../lib/gcc/arm-none-eabi/12.3.1/../../../../arm-none-eabi/lib/thumb/v7e-m+fp/hard\libc_nano.a(libc_a-findfp.o) (_fwalk_sglue)
D:/STM32CubeIDE_1.15.1/STM32CubeIDE/plugins/com.st.stm32cube.ide.mcu.externaltools.gnu-tools-for-stm32.12.3.rel1.win32_1.0.100.202403111256/tools/bin/../lib/gcc/arm-none-eabi/12.3.1/../../../../arm-none-eabi/lib/thumb/v7e-m+fp/hard\libc_nano.a(libc_a-snprintf.o)
                              ./Core/Src/ada_update.o (snprintf)
D:/STM32CubeIDE_1.15.1/STM32CubeIDE/plugins/com.st.stm32cube.ide.mcu.externaltools.gnu-tools-for-stm32.12.3.rel1.win32_1.0.100.202403111256/tools/bin/../lib/gcc/arm-none-eabi/12.3.1/../../../../arm-none-eabi/lib/thumb/v7e-m+fp/hard\libc_nano.a(libc_a-sprintf.o)
                              ./Core/Src/uart.o (sprintf)
D:/STM32CubeIDE_1.15.1/STM32CubeIDE/plugins/com.st.stm32cube.ide.mcu.externaltools.gnu-tools-for-stm32.12.3.rel1.win32_1.0.100.202403111256/tools/bin/../lib/gcc/arm-none-eabi/12.3.1/../../../../arm-none-eabi/lib/thumb/v7e-m+fp/hard\libc_nano.a(libc_a-stdio.o)
                              D:/STM32CubeIDE_1.15.1/STM32CubeIDE/plugins/com.st.stm32cube.ide.mcu.externaltools.gnu-tools-for-stm32.12.3.rel1.win32_1.0.100.202403111256/tools/bin/../lib/gcc/arm-none-eabi/12.3.1/../../../../arm-none-eabi/lib/thumb/v7e-m+fp/hard\libc_nano.a(libc_a-findfp.o) (__sread)
D:/STM32CubeIDE_1.15.1/STM32CubeIDE/plugins/com.st.stm32cube.ide.mcu.externaltools.gnu-tools-for-stm32.12.3.rel1.win32_1.0.100.202403111256/tools/bin/../lib/gcc/arm-none-eabi/12.3.1/../../../../arm-none-eabi/lib/thumb/v7e-m+fp/hard\libc_nano.a(libc_a-memset.o)
                              D:/STM32CubeIDE_1.15.1/STM32CubeIDE/plugins/com.st.stm32cube.ide.mcu.externaltools.gnu-tools-for-stm32.12.3.rel1.win32_1.0.100.202403111256/tools/bin/../lib/gcc/arm-none-eabi/12.3.1/../../../../arm-none-eabi/lib/thumb/v7e-m+fp/hard/crt0.o (memset)
D:/STM32CubeIDE_1.15.1/STM32CubeIDE/plugins/com.st.stm32cube.ide.mcu.externaltools.gnu-tools-for-stm32.12.3.rel1.win32_1.0.100.202403111256/tools/bin/../lib/gcc/arm-none-eabi/12.3.1/../../../../arm-none-eabi/lib/thumb/v7e-m+fp/hard\libc_nano.a(libc_a-closer.o)
                              D:/STM32CubeIDE_1.15.1/STM32CubeIDE/plugins/com.st.stm32cube.ide.mcu.externaltools.gnu-tools-for-stm32.12.3.rel1.win32_1.0.100.202403111256/tools/bin/../lib/gcc/arm-none-eabi/12.3.1/../../../../arm-none-eabi/lib/thumb/v7e-m+fp/hard\libc_nano.a(libc_a-stdio.o) (_close_r)
D:/STM32CubeIDE_1.15.1/STM32CubeIDE/plugins/com.st.stm32cube.ide.mcu.externaltools.gnu-tools-for-stm32.12.3.rel1.win32_1.0.100.202403111256/tools/bin/../lib/gcc/arm-none-eabi/12.3.1/../../../../arm-none-eabi/lib/thumb/v7e-m+fp/hard\libc_nano.a(libc_a-reent.o)
                              D:/STM32CubeIDE_1.15.1/STM32CubeIDE/plugins/com.st.stm32cube.ide.mcu.externaltools.gnu-tools-for-stm32.12.3.rel1.win32_1.0.100.202403111256/tools/bin/../lib/gcc/arm-none-eabi/12.3.1/../../../../arm-none-eabi/lib/thumb/v7e-m+fp/hard\libc_nano.a(libc_a-closer.o) (errno)
D:/STM32CubeIDE_1.15.1/STM32CubeIDE/plugins/com.st.stm32cube.ide.mcu.externaltools.gnu-tools-for-stm32.12.3.rel1.win32_1.0.100.202403111256/tools/bin/../lib/gcc/arm-none-eabi/12.3.1/../../../../arm-none-eabi/lib/thumb/v7e-m+fp/hard\libc_nano.a(libc_a-impure.o)
[...]
Memory Configuration

Name             Origin             Length             Attributes
CCMRAM           0x10000000         0x00010000         xrw
RAM              0x20000000         0x00020000         xrw
FLASH            0x08000000         0x00100000         xr
*default*        0x00000000         0xffffffff

Linker script and memory map

LOAD D:/STM32CubeIDE_1.15.1/STM32CubeIDE/plugins/com.st.stm32cube.ide.mcu.externaltools.gnu-tools-for-stm32.12.3.rel1.win32_1.0.100.202403111256/tools/bin/../lib/gcc/arm-none-eabi/12.3.1/thumb/v7e-m+fp/hard/crti.o
LOAD D:/STM32CubeIDE_1.15.1/STM32CubeIDE/plugins/com.st.stm32cube.ide.mcu.externaltools.gnu-tools-for-stm32.12.3.rel1.win32_1.0.100.202403111256/tools/bin/../lib/gcc/arm-none-eabi/12.3.1/thumb/v7e-m+fp/hard/crtbegin.o
LOAD D:/STM32CubeIDE_1.15.1/STM32CubeIDE/plugins/com.st.stm32cube.ide.mcu.externaltools.gnu-tools-for-stm32.12.3.rel1.win32_1.0.100.202403111256/tools/bin/../lib/gcc/arm-none-eabi/12.3.1/../../../../arm-none-eabi/lib/thumb/v7e-m+fp/hard/crt0.o
LOAD ./Core/Src/ada_update.o
LOAD ./Core/Src/adc.o
LOAD ./Core/Src/at24c.o
LOAD ./Core/Src/button.o
LOAD ./Core/Src/buzzer.o
LOAD ./Core/Src/dma.o
LOAD ./Core/Src/ds3231.o
LOAD ./Core/Src/fsmc.o
LOAD ./Core/Src/gpio.o
LOAD ./Core/Src/i2c.o
LOAD ./Core/Src/lcd.o
LOAD ./Core/Src/led_7seg.o
LOAD ./Core/Src/light_control.o
LOAD ./Core/Src/main.o
LOAD ./Core/Src/picture.o
LOAD ./Core/Src/sensor.o
LOAD ./Core/Src/software_timer.o
LOAD ./Core/Src/spi.o
LOAD ./Core/Src/stm32f4xx_hal_msp.o
LOAD ./Core/Src/stm32f4xx_it.o
LOAD ./Core/Src/syscalls.o
LOAD ./Core/Src/sysmem.o
LOAD ./Core/Src/system_stm32f4xx.o
LOAD ./Core/Src/tim.o
LOAD ./Core/Src/touch.o
LOAD ./Core/Src/uart.o
LOAD ./Core/Src/usart.o
LOAD ./Core/Src/utils.o
LOAD ./Core/Startup/startup_stm32f407zetx.o
LOAD ./Drivers/STM32F4xx_HAL_Driver/Src/stm32f4xx_hal.o
LOAD ./Drivers/STM32F4xx_HAL_Driver/Src/stm32f4xx_hal_adc.o
LOAD ./Drivers/STM32F4xx_HAL_Driver/Src/stm32f4xx_hal_adc_ex.o
LOAD ./Drivers/STM32F4xx_HAL_Driver/Src/stm32f4xx_hal_cortex.o
LOAD ./Drivers/STM32F4xx_HAL_Driver/Src/stm32f4xx_hal_dma.o
LOAD ./Drivers/STM32F4xx_HAL_Driver/Src/stm32f4xx_hal_dma_ex.o
LOAD ./Drivers/STM32F4xx_HAL_Driver/Src/stm32f4xx_hal_exti.o
LOAD ./Drivers/STM32F4xx_HAL_Driver/Src/stm32f4xx_hal_flash.o
LOAD ./Drivers/STM32F4xx_HAL_Driver/Src/stm32f4xx_hal_flash_ex.o
LOAD ./Drivers/STM32F4xx_HAL_Driver/Src/stm32f4xx_hal_flash_ramfunc.o
LOAD ./Drivers/STM32F4xx_HAL_Driver/Src/stm32f4xx_hal_gpio.o
LOAD ./Drivers/STM32F4xx_HAL_Driver/Src/stm32f4xx_hal_i2c.o
LOAD ./Drivers/STM32F4xx_HAL_Driver/Src/stm32f4xx_hal_i2c_ex.o
LOAD ./Drivers/STM32F4xx_HAL_Driver/Src/stm32f4xx_hal_pwr.o
LOAD ./Drivers/STM32F4xx_HAL_Driver/Src/stm32f4xx_hal_pwr_ex.o
LOAD ./Drivers/STM32F4xx_HAL_Driver/Src/stm32f4xx_hal_rcc.o
LOAD ./Drivers/STM32F4xx_HAL_Driver/Src/stm32f4xx_hal_rcc_ex.o
LOAD ./Drivers/STM32F4xx_HAL_Driver/Src/stm32f4xx_hal_spi.o
LOAD ./Drivers/STM32F4xx_HAL_Driver/Src/stm32f4xx_hal_sram.o
LOAD ./Drivers/STM32F4xx_HAL_Driver/Src/stm32f4xx_hal_tim.o
LOAD ./Drivers/STM32F4xx_HAL_Driver/Src/stm32f4xx_hal_tim_ex.o
LOAD ./Drivers/STM32F4xx_HAL_Driver/Src/stm32f4xx_hal_uart.o
LOAD ./Drivers/STM32F4xx_HAL_Driver/Src/stm32f4xx_ll_adc.o
LOAD ./Drivers/STM32F4xx_HAL_Driver/Src/stm32f4xx_ll_fsmc.o
START GROUP
LOAD D:/STM32CubeIDE_1.15.1/STM32CubeIDE/plugins/com.st.stm32cube.ide.mcu.externaltools.gnu-tools-for-stm32.12.3.rel1.win32_1.0.100.202403111256/tools/bin/../lib/gcc/arm-none-eabi/12.3.1/../../../../arm-none-eabi/lib/thumb/v7e-m+fp/hard\libc_nano.a
LOAD D:/STM32CubeIDE_1.15.1/STM32CubeIDE/plugins/com.st.stm32cube.ide.mcu.externaltools.gnu-tools-for-stm32.12.3.rel1.win32_1.0.100.202403111256/tools/bin/../lib/gcc/arm-none-eabi/12.3.1/../../../../arm-none-eabi/lib/thumb/v7e-m+fp/hard\libm.a
END GROUP
START GROUP
LOAD D:/STM32CubeIDE_1.15.1/STM32CubeIDE/plugins/com.st.stm32cube.ide.mcu.externaltools.gnu-tools-for-stm32.12.3.rel1.win32_1.0.100.202403111256/tools/bin/../lib/gcc/arm-none-eabi/12.3.1/thumb/v7e-m+fp/hard\libgcc.a
LOAD D:/STM32CubeIDE_1.15.1/STM32CubeIDE/plugins/com.st.stm32cube.ide.mcu.externaltools.gnu-tools-for-stm32.12.3.rel1.win32_1.0.100.202403111256/tools/bin/../lib/gcc/arm-none-eabi/12.3.1/../../../../arm-none-eabi/lib/thumb/v7e-m+fp/hard\libc_nano.a
END GROUP
START GROUP
LOAD D:/STM32CubeIDE_1.15.1/STM32CubeIDE/plugins/com.st.stm32cube.ide.mcu.externaltools.gnu-tools-for-stm32.12.3.rel1.win32_1.0.100.202403111256/tools/bin/../lib/gcc/arm-none-eabi/12.3.1/thumb/v7e-m+fp/hard\libgcc.a
LOAD D:/STM32CubeIDE_1.15.1/STM32CubeIDE/plugins/com.st.stm32cube.ide.mcu.externaltools.gnu-tools-for-stm32.12.3.rel1.win32_1.0.100.202403111256/tools/bin/../lib/gcc/arm-none-eabi/12.3.1/../../../../arm-none-eabi/lib/thumb/v7e-m+fp/hard\libc_nano.a
LOAD D:/STM32CubeIDE_1.15.1/STM32CubeIDE/plugins/com.st.stm32cube.ide.mcu.externaltools.gnu-tools-for-stm32.12.3.rel1.win32_1.0.100.202403111256/tools/bin/../lib/gcc/arm-none-eabi/12.3.1/../../../../arm-none-eabi/lib/thumb/v7e-m+fp/hard\libnosys.a
END GROUP
START GROUP
LOAD D:/STM32CubeIDE_1.15.1/STM32CubeIDE/plugins/com.st.stm32cube.ide.mcu.externaltools.gnu-tools-for-stm32.12.3.rel1.win32_1.0.100.202403111256/tools/bin/../lib/gcc/arm-none-eabi/12.3.1/thumb/v7e-m+fp/hard\libgcc.a
LOAD D:/STM32CubeIDE_1.15.1/STM32CubeIDE/plugins/com.st.stm32cube.ide.mcu.externaltools.gnu-tools-for-stm32.12.3.rel1.win32_1.0.100.202403111256/tools/bin/../lib/gcc/arm-none-eabi/12.3.1/../../../../arm-none-eabi/lib/thumb/v7e-m+fp/hard\libc_nano.a
LOAD D:/STM32CubeIDE_1.15.1/STM32CubeIDE/plugins/com.st.stm32cube.ide.mcu.externaltools.gnu-tools-for-stm32.12.3.rel1.win32_1.0.100.202403111256/tools/bin/../lib/gcc/arm-none-eabi/12.3.1/../../../../arm-none-eabi/lib/thumb/v7e-m+fp/hard\libnosys.a
END GROUP
LOAD D:/STM32CubeIDE_1.15.1/STM32CubeIDE/plugins/com.st.stm32cube.ide.mcu.externaltools.gnu-tools-for-stm32.12.3.rel1.win32_1.0.100.202403111256/tools/bin/../lib/gcc/arm-none-eabi/12.3.1/thumb/v7e-m+fp/hard/crtend.o
LOAD D:/STM32CubeIDE_1.15.1/STM32CubeIDE/plugins/com.st.stm32cube.ide.mcu.externaltools.gnu-tools-for-stm32.12.3.rel1.win32_1.0.100.202403111256/tools/bin/../lib/gcc/arm-none-eabi/12.3.1/thumb/v7e-m+fp/hard/crtn.o
                0x20020000                        _estack = (ORIGIN (RAM) + LENGTH (RAM))
                0x00000200                        _Min_Heap_Size = 0x200
                0x00000400                        _Min_Stack_Size = 0x400

.isr_vector     0x08000000      0x188
                0x08000000                        . = ALIGN (0x4)
 *(.isr_vector)
 .isr_vector    0x08000000      0x188 ./Core/Startup/startup_stm32f407zetx.o
                0x08000000                g_pfnVectors
                0x08000188                        . = ALIGN (0x4)

.text           0x08000190     0x89b8
                0x08000190                        . = ALIGN (0x4)
 *(.text)
 .text          0x08000190       0x40 D:/STM32CubeIDE_1.15.1/STM32CubeIDE/plugins/com.st.stm32cube.ide.mcu.externaltools.gnu-tools-for-stm32.12.3.rel1.win32_1.0.100.202403111256/tools/bin/../lib/gcc/arm-none-eabi/12.3.1/thumb/v7e-m+fp/hard/crtbegin.o
 .text          0x080001d0       0x10 D:/STM32CubeIDE_1.15.1/STM32CubeIDE/plugins/com.st.stm32cube.ide.mcu.externaltools.gnu-tools-for-stm32.12.3.rel1.win32_1.0.100.202403111256/tools/bin/../lib/gcc/arm-none-eabi/12.3.1/../../../../arm-none-eabi/lib/thumb/v7e-m+fp/hard\libc_nano.a(libc_a-strlen.o)
                0x080001d0                strlen
 .text          0x080001e0       0xa0 D:/STM32CubeIDE_1.15.1/STM32CubeIDE/plugins/com.st.stm32cube.ide.mcu.externaltools.gnu-tools-for-stm32.12.3.rel1.win32_1.0.100.202403111256/tools/bin/../lib/gcc/arm-none-eabi/12.3.1/../../../../arm-none-eabi/lib/thumb/v7e-m+fp/hard\libc_nano.a(libc_a-memchr.o)
                0x080001e0                memchr
 .text          0x08000280      0x378 D:/STM32CubeIDE_1.15.1/STM32CubeIDE/plugins/com.st.stm32cube.ide.mcu.externaltools.gnu-tools-for-stm32.12.3.rel1.win32_1.0.100.202403111256/tools/bin/../lib/gcc/arm-none-eabi/12.3.1/thumb/v7e-m+fp/hard\libgcc.a(_arm_addsubdf3.o)
                0x08000280                __aeabi_drsub
                0x08000288                __aeabi_dsub
                0x08000288                __subdf3
                0x0800028c                __aeabi_dadd
                0x0800028c                __adddf3
                0x08000504                __floatunsidf
                0x08000504                __aeabi_ui2d
                0x08000524                __floatsidf
                0x08000524                __aeabi_i2d
                0x08000548                __aeabi_f2d
                0x08000548                __extendsfdf2
                0x0800058c                __floatundidf
                0x0800058c                __aeabi_ul2d
                0x0800059c                __floatdidf
                0x0800059c                __aeabi_l2d
 .text          0x080005f8      0x424 D:/STM32CubeIDE_1.15.1/STM32CubeIDE/plugins/com.st.stm32cube.ide.mcu.externaltools.gnu-tools-for-stm32.12.3.rel1.win32_1.0.100.202403111256/tools/bin/../lib/gcc/arm-none-eabi/12.3.1/thumb/v7e-m+fp/hard\libgcc.a(_arm_muldivdf3.o)
                0x080005f8                __aeabi_dmul
                0x080005f8                __muldf3
                0x0800084c                __divdf3
                0x0800084c                __aeabi_ddiv
 .text          0x08000a1c       0xa0 D:/STM32CubeIDE_1.15.1/STM32CubeIDE/plugins/com.st.stm32cube.ide.mcu.externaltools.gnu-tools-for-stm32.12.3.rel1.win32_1.0.100.202403111256/tools/bin/../lib/gcc/arm-none-eabi/12.3.1/thumb/v7e-m+fp/hard\libgcc.a(_arm_truncdfsf2.o)
                0x08000a1c                __truncdfsf2
                0x08000a1c                __aeabi_d2f
 .text          0x08000abc       0x30 D:/STM32CubeIDE_1.15.1/STM32CubeIDE/plugins/com.st.stm32cube.ide.mcu.externaltools.gnu-tools-for-stm32.12.3.rel1.win32_1.0.100.202403111256/tools/bin/../lib/gcc/arm-none-eabi/12.3.1/thumb/v7e-m+fp/hard\libgcc.a(_aeabi_uldivmod.o)
                0x08000abc                __aeabi_uldivmod
 .text          0x08000aec      0x2bc D:/STM32CubeIDE_1.15.1/STM32CubeIDE/plugins/com.st.stm32cube.ide.mcu.externaltools.gnu-tools-for-stm32.12.3.rel1.win32_1.0.100.202403111256/tools/bin/../lib/gcc/arm-none-eabi/12.3.1/thumb/v7e-m+fp/hard\libgcc.a(_udivmoddi4.o)
                0x08000aec                __udivmoddi4
 .text          0x08000da8        0x4 D:/STM32CubeIDE_1.15.1/STM32CubeIDE/plugins/com.st.stm32cube.ide.mcu.externaltools.gnu-tools-for-stm32.12.3.rel1.win32_1.0.100.202403111256/tools/bin/../lib/gcc/arm-none-eabi/12.3.1/thumb/v7e-m+fp/hard\libgcc.a(_dvmd_tls.o)
                0x08000da8                __aeabi_idiv0
                0x08000da8                __aeabi_ldiv0
 *(.text*)
 .text.test_Adc
                0x08000dac      0x34c ./Core/Src/ada_update.o
                0x08000dac                test_Adc
 .text.MX_ADC1_Init
                0x080010f8      0x114 ./Core/Src/adc.o
                0x080010f8                MX_ADC1_Init
 .text.HAL_ADC_MspInit
                0x0800120c      0x128 ./Core/Src/adc.o
                0x0800120c                HAL_ADC_MspInit
 .text.button_init
                0x08001334       0x18 ./Core/Src/button.o
                0x08001334                button_init
 .text.button_Scan
                0x0800134c       0xd8 ./Core/Src/button.o
                0x0800134c                button_Scan
 .text.MX_DMA_Init
                0x08001424       0x40 ./Core/Src/dma.o
                0x08001424                MX_DMA_Init
 .text.MX_FSMC_Init
                0x08001464       0xf4 ./Core/Src/fsmc.o
                0x08001464                MX_FSMC_Init
 .text.HAL_FSMC_MspInit
                0x08001558       0x98 ./Core/Src/fsmc.o
 .text.HAL_SRAM_MspInit
                0x080015f0       0x14 ./Core/Src/fsmc.o
                0x080015f0                HAL_SRAM_MspInit
 .text.MX_GPIO_Init
                0x08001604      0x274 ./Core/Src/gpio.o
                0x08001604                MX_GPIO_Init
 .text.MX_I2C1_Init
                0x08001878       0x5c ./Core/Src/i2c.o
                0x08001878                MX_I2C1_Init
 .text.HAL_I2C_MspInit
                0x080018d4       0x90 ./Core/Src/i2c.o
                0x080018d4                HAL_I2C_MspInit
 .text.LCD_WR_REG
                0x08001964       0x20 ./Core/Src/lcd.o
                0x08001964                LCD_WR_REG
 .text.LCD_WR_DATA
                0x08001984       0x20 ./Core/Src/lcd.o
 .text.LCD_RD_DATA
                0x080019a4       0x24 ./Core/Src/lcd.o
 .text.lcd_AddressSet
                0x080019c8       0x98 ./Core/Src/lcd.o
                0x080019c8                lcd_AddressSet
 .text.lcd_Clear
                0x08001a60       0x64 ./Core/Src/lcd.o
                0x08001a60                lcd_Clear
 .text.lcd_DrawPoint
                0x08001ac4       0x2e ./Core/Src/lcd.o
                0x08001ac4                lcd_DrawPoint
 *fill*         0x08001af2        0x2 
 .text.lcd_ShowChar
                0x08001af4      0x1a0 ./Core/Src/lcd.o
                0x08001af4                lcd_ShowChar
 .text.mypow    0x08001c94       0x38 ./Core/Src/lcd.o
                0x08001c94                mypow
 .text.lcd_ShowIntNum
                0x08001ccc       0xfc ./Core/Src/lcd.o
                0x08001ccc                lcd_ShowIntNum
 .text.lcd_ShowFloatNum
                0x08001dc8      0x110 ./Core/Src/lcd.o
                0x08001dc8                lcd_ShowFloatNum
 .text.lcd_SetDir
                0x08001ed8       0x48 ./Core/Src/lcd.o
                0x08001ed8                lcd_SetDir
 .text.lcd_init
                0x08001f20      0x2c0 ./Core/Src/lcd.o
                0x08001f20                lcd_init
 .text.lcd_ShowStr
                0x080021e0       0xc8 ./Core/Src/lcd.o
                0x080021e0                lcd_ShowStr
 .text.led7_Scan
                0x080022a8      0x118 ./Core/Src/led_7seg.o
                0x080022a8                led7_Scan
 .text.lightProcess
                0x080023c0       0x6c ./Core/Src/light_control.o
                0x080023c0                lightProcess
 .text.test_Esp
                0x0800242c       0x60 ./Core/Src/light_control.o
                0x0800242c                test_Esp
 .text.main     0x0800248c       0x64 ./Core/Src/main.o
                0x0800248c                main
 .text.SystemClock_Config
                0x080024f0       0xd4 ./Core/Src/main.o
                0x080024f0                SystemClock_Config
 .text.system_init
                0x080025c4       0x1e ./Core/Src/main.o
                0x080025c4                system_init
 *fill*         0x080025e2        0x2 
 .text.test_LedDebug
                0x080025e4       0x48 ./Core/Src/main.o
                0x080025e4                test_LedDebug
 .text.Error_Handler
                0x0800262c        0xc ./Core/Src/main.o
                0x0800262c                Error_Handler
 .text.sensor_Read
                0x08002638       0x1c ./Core/Src/sensor.o
                0x08002638                sensor_Read
 .text.sensor_GetLight
                0x08002654       0x18 ./Core/Src/sensor.o
                0x08002654                sensor_GetLight
 .text.sensor_GetPotentiometer
                0x0800266c       0x18 ./Core/Src/sensor.o
                0x0800266c                sensor_GetPotentiometer
 *fill*         0x08002684        0x4 
 .text.sensor_GetVoltage
                0x08002688       0x78 ./Core/Src/sensor.o
                0x08002688                sensor_GetVoltage
 .text.sensor_GetCurrent
                0x08002700       0xb8 ./Core/Src/sensor.o
                0x08002700                sensor_GetCurrent
 .text.sensor_GetTemperature
                0x080027b8       0x3c ./Core/Src/sensor.o
                0x080027b8                sensor_GetTemperature
 .text.timer_init
                0x080027f4       0x1c ./Core/Src/software_timer.o
                0x080027f4                timer_init
 .text.setTimer2
                0x08002810       0x38 ./Core/Src/software_timer.o
                0x08002810                setTimer2
 .text.HAL_TIM_PeriodElapsedCallback
                0x08002848       0x54 ./Core/Src/software_timer.o
                0x08002848                HAL_TIM_PeriodElapsedCallback
 .text.MX_SPI1_Init
                0x0800289c       0x6c ./Core/Src/spi.o
                0x0800289c                MX_SPI1_Init
 .text.HAL_SPI_MspInit
                0x08002908       0x90 ./Core/Src/spi.o
                0x08002908                HAL_SPI_MspInit
 .text.HAL_MspInit
                0x08002998       0x50 ./Core/Src/stm32f4xx_hal_msp.o
                0x08002998                HAL_MspInit
 .text.NMI_Handler
                0x080029e8        0x8 ./Core/Src/stm32f4xx_it.o
                0x080029e8                NMI_Handler
 .text.HardFault_Handler
                0x080029f0        0x8 ./Core/Src/stm32f4xx_it.o
                0x080029f0                HardFault_Handler
 .text.MemManage_Handler
                0x080029f8        0x8 ./Core/Src/stm32f4xx_it.o
                0x080029f8                MemManage_Handler
 .text.BusFault_Handler
                0x08002a00        0x8 ./Core/Src/stm32f4xx_it.o
                0x08002a00                BusFault_Handler
 .text.UsageFault_Handler
                0x08002a08        0x8 ./Core/Src/stm32f4xx_it.o
                0x08002a08                UsageFault_Handler
 .text.SVC_Handler
                0x08002a10        0xe ./Core/Src/stm32f4xx_it.o
                0x08002a10                SVC_Handler
 .text.DebugMon_Handler
                0x08002a1e        0xe ./Core/Src/stm32f4xx_it.o
                0x08002a1e                DebugMon_Handler
 .text.PendSV_Handler
                0x08002a2c        0xe ./Core/Src/stm32f4xx_it.o
                0x08002a2c                PendSV_Handler
 .text.SysTick_Handler
                0x08002a3a        0xc ./Core/Src/stm32f4xx_it.o
                0x08002a3a                SysTick_Handler
 *fill*         0x08002a46        0x2 
 .text.TIM2_IRQHandler
                0x08002a48       0x14 ./Core/Src/stm32f4xx_it.o
                0x08002a48                TIM2_IRQHandler
 .text.USART1_IRQHandler
                0x08002a5c       0x14 ./Core/Src/stm32f4xx_it.o
                0x08002a5c                USART1_IRQHandler
 .text.USART2_IRQHandler
                0x08002a70       0x14 ./Core/Src/stm32f4xx_it.o
                0x08002a70                USART2_IRQHandler
 .text.DMA2_Stream0_IRQHandler
                0x08002a84       0x14 ./Core/Src/stm32f4xx_it.o
                0x08002a84                DMA2_Stream0_IRQHandler
 .text._sbrk    0x08002a98       0x6c ./Core/Src/sysmem.o
                0x08002a98                _sbrk
 .text.SystemInit
                0x08002b04       0x24 ./Core/Src/system_stm32f4xx.o
                0x08002b04                SystemInit
 .text.MX_TIM1_Init
                0x08002b28       0xa0 ./Core/Src/tim.o
                0x08002b28                MX_TIM1_Init
 .text.MX_TIM2_Init
                0x08002bc8       0x98 ./Core/Src/tim.o
                0x08002bc8                MX_TIM2_Init
 .text.MX_TIM13_Init
                0x08002c60       0x9c ./Core/Src/tim.o
                0x08002c60                MX_TIM13_Init
 .text.HAL_TIM_Base_MspInit
                0x08002cfc       0xa4 ./Core/Src/tim.o
                0x08002cfc                HAL_TIM_Base_MspInit
 .text.HAL_TIM_MspPostInit
                0x08002da0       0x74 ./Core/Src/tim.o
                0x08002da0                HAL_TIM_MspPostInit
 .text.uart_init_esp
                0x08002e14       0x2c ./Core/Src/uart.o
                0x08002e14                uart_init_esp
 .text.uart_EspSendBytes
                0x08002e40       0x24 ./Core/Src/uart.o
                0x08002e40                uart_EspSendBytes
 .text.HAL_UART_RxCpltCallback
                0x08002e64       0x94 ./Core/Src/uart.o
                0x08002e64                HAL_UART_RxCpltCallback
 .text.uart_EspCheck
                0x08002ef8       0x20 ./Core/Src/uart.o
                0x08002ef8                uart_EspCheck
 .text.MX_USART1_UART_Init
                0x08002f18       0x54 ./Core/Src/usart.o
                0x08002f18                MX_USART1_UART_Init
 .text.MX_USART2_UART_Init
                0x08002f6c       0x54 ./Core/Src/usart.o
                0x08002f6c                MX_USART2_UART_Init
 .text.HAL_UART_MspInit
                0x08002fc0      0x118 ./Core/Src/usart.o
                0x08002fc0                HAL_UART_MspInit
 .text.Reset_Handler
                0x080030d8       0x50 ./Core/Startup/startup_stm32f407zetx.o
                0x080030d8                Reset_Handler
 .text.Default_Handler
                0x08003128        0x2 ./Core/Startup/startup_stm32f407zetx.o
                0x08003128                RTC_Alarm_IRQHandler
                0x08003128                HASH_RNG_IRQHandler
                0x08003128                EXTI2_IRQHandler
                0x08003128                TIM8_CC_IRQHandler
                0x08003128                TIM1_CC_IRQHandler
                0x08003128                DMA2_Stream5_IRQHandler
                0x08003128                DMA1_Stream5_IRQHandler
                0x08003128                PVD_IRQHandler
                0x08003128                SDIO_IRQHandler
                0x08003128                TAMP_STAMP_IRQHandler
                0x08003128                CAN2_RX1_IRQHandler
                0x08003128                EXTI3_IRQHandler
                0x08003128                TIM8_TRG_COM_TIM14_IRQHandler
                0x08003128                TIM1_UP_TIM10_IRQHandler
                0x08003128                TIM8_UP_TIM13_IRQHandler
                0x08003128                I2C3_ER_IRQHandler
                0x08003128                EXTI0_IRQHandler
                0x08003128                I2C2_EV_IRQHandler
                0x08003128                DMA1_Stream2_IRQHandler
                0x08003128                CAN1_RX0_IRQHandler
                0x08003128                FPU_IRQHandler
                0x08003128                OTG_HS_WKUP_IRQHandler
                0x08003128                CAN2_SCE_IRQHandler
                0x08003128                DMA2_Stream2_IRQHandler
                0x08003128                SPI1_IRQHandler
                0x08003128                TIM6_DAC_IRQHandler
                0x08003128                TIM1_BRK_TIM9_IRQHandler
                0x08003128                DCMI_IRQHandler
                0x08003128                CAN2_RX0_IRQHandler
                0x08003128                DMA2_Stream3_IRQHandler
                0x08003128                USART6_IRQHandler
                0x08003128                USART3_IRQHandler
                0x08003128                CAN1_RX1_IRQHandler
                0x08003128                UART5_IRQHandler
                0x08003128                TIM4_IRQHandler
                0x08003128                I2C1_EV_IRQHandler
                0x08003128                DMA1_Stream6_IRQHandler
                0x08003128                DMA1_Stream1_IRQHandler
                0x08003128                UART4_IRQHandler
                0x08003128                TIM3_IRQHandler
                0x08003128                RCC_IRQHandler
                0x08003128                TIM8_BRK_TIM12_IRQHandler
                0x08003128                Default_Handler
                0x08003128                EXTI15_10_IRQHandler
                0x08003128                ADC_IRQHandler
                0x08003128                DMA1_Stream7_IRQHandler
                0x08003128                TIM7_IRQHandler
                0x08003128                CAN2_TX_IRQHandler
                0x08003128                TIM5_IRQHandler
                0x08003128                DMA2_Stream7_IRQHandler
                0x08003128                I2C3_EV_IRQHandler
                0x08003128                EXTI9_5_IRQHandler
                0x08003128                RTC_WKUP_IRQHandler
                0x08003128                ETH_WKUP_IRQHandler
                0x08003128                SPI2_IRQHandler
                0x08003128                OTG_HS_EP1_IN_IRQHandler
                0x08003128                DMA1_Stream0_IRQHandler
                0x08003128                CAN1_TX_IRQHandler
                0x08003128                EXTI4_IRQHandler
                0x08003128                FSMC_IRQHandler
                0x08003128                ETH_IRQHandler
                0x08003128                OTG_HS_EP1_OUT_IRQHandler
                0x08003128                WWDG_IRQHandler
                0x08003128                OTG_FS_WKUP_IRQHandler
                0x08003128                TIM1_TRG_COM_TIM11_IRQHandler
                0x08003128                OTG_HS_IRQHandler
                0x08003128                EXTI1_IRQHandler
                0x08003128                I2C2_ER_IRQHandler
                0x08003128                DMA2_Stream1_IRQHandler
                0x08003128                CAN1_SCE_IRQHandler
                0x08003128                FLASH_IRQHandler
                0x08003128                DMA2_Stream4_IRQHandler
                0x08003128                OTG_FS_IRQHandler
                0x08003128                SPI3_IRQHandler
                0x08003128                DMA1_Stream4_IRQHandler
                0x08003128                I2C1_ER_IRQHandler
                0x08003128                DMA2_Stream6_IRQHandler
                0x08003128                DMA1_Stream3_IRQHandler
 *fill*         0x0800312a        0x2 
 .text.HAL_Init
                0x0800312c       0x44 ./Drivers/STM32F4xx_HAL_Driver/Src/stm32f4xx_hal.o
                0x0800312c                HAL_Init
 .text.HAL_InitTick
                0x08003170       0x60 ./Drivers/STM32F4xx_HAL_Driver/Src/stm32f4xx_hal.o
                0x08003170                HAL_InitTick
 .text.HAL_IncTick
                0x080031d0       0x28 ./Drivers/STM32F4xx_HAL_Driver/Src/stm32f4xx_hal.o
                0x080031d0                HAL_IncTick
 .text.HAL_GetTick
                0x080031f8       0x18 ./Drivers/STM32F4xx_HAL_Driver/Src/stm32f4xx_hal.o
                0x080031f8                HAL_GetTick
 .text.HAL_Delay
                0x08003210       0x48 ./Drivers/STM32F4xx_HAL_Driver/Src/stm32f4xx_hal.o
                0x08003210                HAL_Delay
 .text.HAL_ADC_Init
                0x08003258       0x86 ./Drivers/STM32F4xx_HAL_Driver/Src/stm32f4xx_hal_adc.o
                0x08003258                HAL_ADC_Init
 *fill*         0x080032de        0x2 
 .text.HAL_ADC_Start_DMA
                0x080032e0      0x220 ./Drivers/STM32F4xx_HAL_Driver/Src/stm32f4xx_hal_adc.o
                0x080032e0                HAL_ADC_Start_DMA
 .text.HAL_ADC_ConvCpltCallback
                0x08003500       0x14 ./Drivers/STM32F4xx_HAL_Driver/Src/stm32f4xx_hal_adc.o
                0x08003500                HAL_ADC_ConvCpltCallback
 .text.HAL_ADC_ConvHalfCpltCallback
                0x08003514       0x14 ./Drivers/STM32F4xx_HAL_Driver/Src/stm32f4xx_hal_adc.o
                0x08003514                HAL_ADC_ConvHalfCpltCallback
 .text.HAL_ADC_ErrorCallback
                0x08003528       0x14 ./Drivers/STM32F4xx_HAL_Driver/Src/stm32f4xx_hal_adc.o
                0x08003528                HAL_ADC_ErrorCallback
 .text.HAL_ADC_ConfigChannel
                0x0800353c      0x244 ./Drivers/STM32F4xx_HAL_Driver/Src/stm32f4xx_hal_adc.o
                0x0800353c                HAL_ADC_ConfigChannel
 .text.ADC_Init
                0x08003780      0x1f8 ./Drivers/STM32F4xx_HAL_Driver/Src/stm32f4xx_hal_adc.o
 .text.ADC_DMAConvCplt
                0x08003978       0xba ./Drivers/STM32F4xx_HAL_Driver/Src/stm32f4xx_hal_adc.o
 .text.ADC_DMAHalfConvCplt
                0x08003a32       0x1c ./Drivers/STM32F4xx_HAL_Driver/Src/stm32f4xx_hal_adc.o
 .text.ADC_DMAError
                0x08003a4e       0x2e ./Drivers/STM32F4xx_HAL_Driver/Src/stm32f4xx_hal_adc.o
 .text.__NVIC_SetPriorityGrouping
                0x08003a7c       0x48 ./Drivers/STM32F4xx_HAL_Driver/Src/stm32f4xx_hal_cortex.o
 .text.__NVIC_GetPriorityGrouping
                0x08003ac4       0x1c ./Drivers/STM32F4xx_HAL_Driver/Src/stm32f4xx_hal_cortex.o
 .text.__NVIC_EnableIRQ
                0x08003ae0       0x3c ./Drivers/STM32F4xx_HAL_Driver/Src/stm32f4xx_hal_cortex.o
 .text.__NVIC_SetPriority
                0x08003b1c       0x54 ./Drivers/STM32F4xx_HAL_Driver/Src/stm32f4xx_hal_cortex.o
 .text.NVIC_EncodePriority
                0x08003b70       0x66 ./Drivers/STM32F4xx_HAL_Driver/Src/stm32f4xx_hal_cortex.o
 *fill*         0x08003bd6        0x2 
 .text.SysTick_Config
                0x08003bd8       0x44 ./Drivers/STM32F4xx_HAL_Driver/Src/stm32f4xx_hal_cortex.o
 .text.HAL_NVIC_SetPriorityGrouping
                0x08003c1c       0x16 ./Drivers/STM32F4xx_HAL_Driver/Src/stm32f4xx_hal_cortex.o
                0x08003c1c                HAL_NVIC_SetPriorityGrouping
 .text.HAL_NVIC_SetPriority
                0x08003c32       0x38 ./Drivers/STM32F4xx_HAL_Driver/Src/stm32f4xx_hal_cortex.o
                0x08003c32                HAL_NVIC_SetPriority
 .text.HAL_NVIC_EnableIRQ
                0x08003c6a       0x1c ./Drivers/STM32F4xx_HAL_Driver/Src/stm32f4xx_hal_cortex.o
                0x08003c6a                HAL_NVIC_EnableIRQ
 .text.HAL_SYSTICK_Config
                0x08003c86       0x18 ./Drivers/STM32F4xx_HAL_Driver/Src/stm32f4xx_hal_cortex.o
                0x08003c86                HAL_SYSTICK_Config
 *fill*         0x08003c9e        0x2 
 .text.HAL_DMA_Init
                0x08003ca0      0x15c ./Drivers/STM32F4xx_HAL_Driver/Src/stm32f4xx_hal_dma.o
                0x08003ca0                HAL_DMA_Init
 .text.HAL_DMA_Start_IT
                0x08003dfc       0xb0 ./Drivers/STM32F4xx_HAL_Driver/Src/stm32f4xx_hal_dma.o
                0x08003dfc                HAL_DMA_Start_IT
 .text.HAL_DMA_Abort
                0x08003eac       0xe0 ./Drivers/STM32F4xx_HAL_Driver/Src/stm32f4xx_hal_dma.o
                0x08003eac                HAL_DMA_Abort
 .text.HAL_DMA_Abort_IT
                0x08003f8c       0x44 ./Drivers/STM32F4xx_HAL_Driver/Src/stm32f4xx_hal_dma.o
                0x08003f8c                HAL_DMA_Abort_IT
 .text.HAL_DMA_IRQHandler
                0x08003fd0      0x314 ./Drivers/STM32F4xx_HAL_Driver/Src/stm32f4xx_hal_dma.o
                0x08003fd0                HAL_DMA_IRQHandler
 .text.DMA_SetConfig
                0x080042e4       0x5c ./Drivers/STM32F4xx_HAL_Driver/Src/stm32f4xx_hal_dma.o
 .text.DMA_CalcBaseAndBitshift
                0x08004340       0x6c ./Drivers/STM32F4xx_HAL_Driver/Src/stm32f4xx_hal_dma.o
 .text.DMA_CheckFifoParam
                0x080043ac       0xf8 ./Drivers/STM32F4xx_HAL_Driver/Src/stm32f4xx_hal_dma.o
 .text.HAL_GPIO_Init
                0x080044a4      0x338 ./Drivers/STM32F4xx_HAL_Driver/Src/stm32f4xx_hal_gpio.o
                0x080044a4                HAL_GPIO_Init
 .text.HAL_GPIO_WritePin
                0x080047dc       0x32 ./Drivers/STM32F4xx_HAL_Driver/Src/stm32f4xx_hal_gpio.o
                0x080047dc                HAL_GPIO_WritePin
 .text.HAL_GPIO_TogglePin
                0x0800480e       0x34 ./Drivers/STM32F4xx_HAL_Driver/Src/stm32f4xx_hal_gpio.o
                0x0800480e                HAL_GPIO_TogglePin
 *fill*         0x08004842        0x2 
 .text.HAL_I2C_Init
                0x08004844      0x288 ./Drivers/STM32F4xx_HAL_Driver/Src/stm32f4xx_hal_i2c.o
                0x08004844                HAL_I2C_Init
 .text.HAL_RCC_OscConfig
                0x08004acc      0x4f0 ./Drivers/STM32F4xx_HAL_Driver/Src/stm32f4xx_hal_rcc.o
                0x08004acc                HAL_RCC_OscConfig
 .text.HAL_RCC_ClockConfig
                0x08004fbc      0x1cc ./Drivers/STM32F4xx_HAL_Driver/Src/stm32f4xx_hal_rcc.o
                0x08004fbc                HAL_RCC_ClockConfig
 .text.HAL_RCC_GetSysClockFreq
                0x08005188      0x20c ./Drivers/STM32F4xx_HAL_Driver/Src/stm32f4xx_hal_rcc.o
                0x08005188                HAL_RCC_GetSysClockFreq
 .text.HAL_RCC_GetHCLKFreq
                0x08005394       0x18 ./Drivers/STM32F4xx_HAL_Driver/Src/stm32f4xx_hal_rcc.o
                0x08005394                HAL_RCC_GetHCLKFreq
 .text.HAL_RCC_GetPCLK1Freq
                0x080053ac       0x28 ./Drivers/STM32F4xx_HAL_Driver/Src/stm32f4xx_hal_rcc.o
                0x080053ac                HAL_RCC_GetPCLK1Freq
 .text.HAL_RCC_GetPCLK2Freq
                0x080053d4       0x28 ./Drivers/STM32F4xx_HAL_Driver/Src/stm32f4xx_hal_rcc.o
                0x080053d4                HAL_RCC_GetPCLK2Freq
 .text.HAL_SPI_Init
                0x080053fc      0x112 ./Drivers/STM32F4xx_HAL_Driver/Src/stm32f4xx_hal_spi.o
                0x080053fc                HAL_SPI_Init
 .text.HAL_SPI_Transmit
                0x0800550e      0x278 ./Drivers/STM32F4xx_HAL_Driver/Src/stm32f4xx_hal_spi.o
                0x0800550e                HAL_SPI_Transmit
 .text.HAL_SPI_Receive
                0x08005786      0x222 ./Drivers/STM32F4xx_HAL_Driver/Src/stm32f4xx_hal_spi.o
                0x08005786                HAL_SPI_Receive
 .text.HAL_SPI_TransmitReceive
                0x080059a8      0x344 ./Drivers/STM32F4xx_HAL_Driver/Src/stm32f4xx_hal_spi.o
                0x080059a8                HAL_SPI_TransmitReceive
 .text.SPI_WaitFlagStateUntilTimeout
                0x08005cec      0x110 ./Drivers/STM32F4xx_HAL_Driver/Src/stm32f4xx_hal_spi.o
 .text.SPI_EndRxTransaction
                0x08005dfc       0xca ./Drivers/STM32F4xx_HAL_Driver/Src/stm32f4xx_hal_spi.o
 *fill*         0x08005ec6        0x2 
 .text.SPI_EndRxTxTransaction
                0x08005ec8       0x84 ./Drivers/STM32F4xx_HAL_Driver/Src/stm32f4xx_hal_spi.o
 .text.HAL_SRAM_Init
                0x08005f4c       0x88 ./Drivers/STM32F4xx_HAL_Driver/Src/stm32f4xx_hal_sram.o
                0x08005f4c                HAL_SRAM_Init
 .text.HAL_TIM_Base_Init
                0x08005fd4       0x9e ./Drivers/STM32F4xx_HAL_Driver/Src/stm32f4xx_hal_tim.o
                0x08005fd4                HAL_TIM_Base_Init
 *fill*         0x08006072        0x2 
 .text.HAL_TIM_Base_Start
                0x08006074       0xd0 ./Drivers/STM32F4xx_HAL_Driver/Src/stm32f4xx_hal_tim.o
                0x08006074                HAL_TIM_Base_Start
 .text.HAL_TIM_Base_Start_IT
                0x08006144       0xe0 ./Drivers/STM32F4xx_HAL_Driver/Src/stm32f4xx_hal_tim.o
                0x08006144                HAL_TIM_Base_Start_IT
 .text.HAL_TIM_PWM_Init
                0x08006224       0x9e ./Drivers/STM32F4xx_HAL_Driver/Src/stm32f4xx_hal_tim.o
                0x08006224                HAL_TIM_PWM_Init
 .text.HAL_TIM_PWM_MspInit
                0x080062c2       0x14 ./Drivers/STM32F4xx_HAL_Driver/Src/stm32f4xx_hal_tim.o
                0x080062c2                HAL_TIM_PWM_MspInit
 .text.HAL_TIM_IRQHandler
                0x080062d6      0x210 ./Drivers/STM32F4xx_HAL_Driver/Src/stm32f4xx_hal_tim.o
                0x080062d6                HAL_TIM_IRQHandler
 *fill*         0x080064e6        0x2 
 .text.HAL_TIM_PWM_ConfigChannel
                0x080064e8      0x184 ./Drivers/STM32F4xx_HAL_Driver/Src/stm32f4xx_hal_tim.o
                0x080064e8                HAL_TIM_PWM_ConfigChannel
 .text.HAL_TIM_ConfigClockSource
                0x0800666c      0x18e ./Drivers/STM32F4xx_HAL_Driver/Src/stm32f4xx_hal_tim.o
                0x0800666c                HAL_TIM_ConfigClockSource
 .text.HAL_TIM_OC_DelayElapsedCallback
                0x080067fa       0x14 ./Drivers/STM32F4xx_HAL_Driver/Src/stm32f4xx_hal_tim.o
                0x080067fa                HAL_TIM_OC_DelayElapsedCallback
 .text.HAL_TIM_IC_CaptureCallback
                0x0800680e       0x14 ./Drivers/STM32F4xx_HAL_Driver/Src/stm32f4xx_hal_tim.o
                0x0800680e                HAL_TIM_IC_CaptureCallback
 .text.HAL_TIM_PWM_PulseFinishedCallback
                0x08006822       0x14 ./Drivers/STM32F4xx_HAL_Driver/Src/stm32f4xx_hal_tim.o
                0x08006822                HAL_TIM_PWM_PulseFinishedCallback
 .text.HAL_TIM_TriggerCallback
                0x08006836       0x14 ./Drivers/STM32F4xx_HAL_Driver/Src/stm32f4xx_hal_tim.o
                0x08006836                HAL_TIM_TriggerCallback
 *fill*         0x0800684a        0x2 
 .text.TIM_Base_SetConfig
                0x0800684c      0x140 ./Drivers/STM32F4xx_HAL_Driver/Src/stm32f4xx_hal_tim.o
                0x0800684c                TIM_Base_SetConfig
 .text.TIM_OC1_SetConfig
                0x0800698c       0xe0 ./Drivers/STM32F4xx_HAL_Driver/Src/stm32f4xx_hal_tim.o
 .text.TIM_OC2_SetConfig
                0x08006a6c       0xec ./Drivers/STM32F4xx_HAL_Driver/Src/stm32f4xx_hal_tim.o
                0x08006a6c                TIM_OC2_SetConfig
 .text.TIM_OC3_SetConfig
                0x08006b58       0xe8 ./Drivers/STM32F4xx_HAL_Driver/Src/stm32f4xx_hal_tim.o
 .text.TIM_OC4_SetConfig
                0x08006c40       0xac ./Drivers/STM32F4xx_HAL_Driver/Src/stm32f4xx_hal_tim.o
 .text.TIM_TI1_ConfigInputStage
                0x08006cec       0x5e ./Drivers/STM32F4xx_HAL_Driver/Src/stm32f4xx_hal_tim.o
 .text.TIM_TI2_ConfigInputStage
                0x08006d4a       0x60 ./Drivers/STM32F4xx_HAL_Driver/Src/stm32f4xx_hal_tim.o
 .text.TIM_ITRx_SetConfig
                0x08006daa       0x36 ./Drivers/STM32F4xx_HAL_Driver/Src/stm32f4xx_hal_tim.o
 .text.TIM_ETR_SetConfig
                0x08006de0       0x40 ./Drivers/STM32F4xx_HAL_Driver/Src/stm32f4xx_hal_tim.o
                0x08006de0                TIM_ETR_SetConfig
 .text.HAL_TIMEx_MasterConfigSynchronization
                0x08006e20       0xf8 ./Drivers/STM32F4xx_HAL_Driver/Src/stm32f4xx_hal_tim_ex.o
                0x08006e20                HAL_TIMEx_MasterConfigSynchronization
 .text.HAL_TIMEx_CommutCallback
                0x08006f18       0x14 ./Drivers/STM32F4xx_HAL_Driver/Src/stm32f4xx_hal_tim_ex.o
                0x08006f18                HAL_TIMEx_CommutCallback
 .text.HAL_TIMEx_BreakCallback
                0x08006f2c       0x14 ./Drivers/STM32F4xx_HAL_Driver/Src/stm32f4xx_hal_tim_ex.o
                0x08006f2c                HAL_TIMEx_BreakCallback
 .text.HAL_UART_Init
                0x08006f40       0x9a ./Drivers/STM32F4xx_HAL_Driver/Src/stm32f4xx_hal_uart.o
                0x08006f40                HAL_UART_Init
 .text.HAL_UART_Transmit
                0x08006fda      0x124 ./Drivers/STM32F4xx_HAL_Driver/Src/stm32f4xx_hal_uart.o
                0x08006fda                HAL_UART_Transmit
 .text.HAL_UART_Receive_IT
                0x080070fe       0x60 ./Drivers/STM32F4xx_HAL_Driver/Src/stm32f4xx_hal_uart.o
                0x080070fe                HAL_UART_Receive_IT
 *fill*         0x0800715e        0x2 
 .text.HAL_UART_IRQHandler
                0x08007160      0x51c ./Drivers/STM32F4xx_HAL_Driver/Src/stm32f4xx_hal_uart.o
                0x08007160                HAL_UART_IRQHandler
 .text.HAL_UART_TxCpltCallback
                0x0800767c       0x14 ./Drivers/STM32F4xx_HAL_Driver/Src/stm32f4xx_hal_uart.o
                0x0800767c                HAL_UART_TxCpltCallback
 .text.HAL_UART_ErrorCallback
                0x08007690       0x14 ./Drivers/STM32F4xx_HAL_Driver/Src/stm32f4xx_hal_uart.o
                0x08007690                HAL_UART_ErrorCallback
 .text.HAL_UARTEx_RxEventCallback
                0x080076a4       0x18 ./Drivers/STM32F4xx_HAL_Driver/Src/stm32f4xx_hal_uart.o
                0x080076a4                HAL_UARTEx_RxEventCallback
 .text.UART_WaitOnFlagUntilTimeout
                0x080076bc       0xdc ./Drivers/STM32F4xx_HAL_Driver/Src/stm32f4xx_hal_uart.o
 .text.UART_Start_Receive_IT
                0x08007798       0x74 ./Drivers/STM32F4xx_HAL_Driver/Src/stm32f4xx_hal_uart.o
                0x08007798                UART_Start_Receive_IT
 .text.UART_EndRxTransfer
                0x0800780c       0xc6 ./Drivers/STM32F4xx_HAL_Driver/Src/stm32f4xx_hal_uart.o
 .text.UART_DMAAbortOnError
                0x080078d2       0x28 ./Drivers/STM32F4xx_HAL_Driver/Src/stm32f4xx_hal_uart.o
 .text.UART_Transmit_IT
                0x080078fa       0xa0 ./Drivers/STM32F4xx_HAL_Driver/Src/stm32f4xx_hal_uart.o
 .text.UART_EndTransmit_IT
                0x0800799a       0x30 ./Drivers/STM32F4xx_HAL_Driver/Src/stm32f4xx_hal_uart.o
 .text.UART_Receive_IT
                0x080079ca      0x176 ./Drivers/STM32F4xx_HAL_Driver/Src/stm32f4xx_hal_uart.o
 .text.UART_SetConfig
                0x08007b40      0x4e8 ./Drivers/STM32F4xx_HAL_Driver/Src/stm32f4xx_hal_uart.o
 .text.FSMC_NORSRAM_Init
                0x08008028       0xa4 ./Drivers/STM32F4xx_HAL_Driver/Src/stm32f4xx_ll_fsmc.o
                0x08008028                FSMC_NORSRAM_Init
 .text.FSMC_NORSRAM_Timing_Init
                0x080080cc       0x7a ./Drivers/STM32F4xx_HAL_Driver/Src/stm32f4xx_ll_fsmc.o
                0x080080cc                FSMC_NORSRAM_Timing_Init
 *fill*         0x08008146        0x2 
 .text.FSMC_NORSRAM_Extended_Timing_Init
                0x08008148       0x80 ./Drivers/STM32F4xx_HAL_Driver/Src/stm32f4xx_ll_fsmc.o
                0x08008148                FSMC_NORSRAM_Extended_Timing_Init
 .text.snprintf
                0x080081c8       0x68 D:/STM32CubeIDE_1.15.1/STM32CubeIDE/plugins/com.st.stm32cube.ide.mcu.externaltools.gnu-tools-for-stm32.12.3.rel1.win32_1.0.100.202403111256/tools/bin/../lib/gcc/arm-none-eabi/12.3.1/../../../../arm-none-eabi/lib/thumb/v7e-m+fp/hard\libc_nano.a(libc_a-snprintf.o)
                0x080081c8                sniprintf
                0x080081c8                snprintf
 .text.memset   0x08008230       0x10 D:/STM32CubeIDE_1.15.1/STM32CubeIDE/plugins/com.st.stm32cube.ide.mcu.externaltools.gnu-tools-for-stm32.12.3.rel1.win32_1.0.100.202403111256/tools/bin/../lib/gcc/arm-none-eabi/12.3.1/../../../../arm-none-eabi/lib/thumb/v7e-m+fp/hard\libc_nano.a(libc_a-memset.o)
                0x08008230                memset
 .text.__errno  0x08008240        0xc D:/STM32CubeIDE_1.15.1/STM32CubeIDE/plugins/com.st.stm32cube.ide.mcu.externaltools.gnu-tools-for-stm32.12.3.rel1.win32_1.0.100.202403111256/tools/bin/../lib/gcc/arm-none-eabi/12.3.1/../../../../arm-none-eabi/lib/thumb/v7e-m+fp/hard\libc_nano.a(libc_a-errno.o)
                0x08008240                __errno
 .text.__libc_init_array
                0x0800824c       0x48 D:/STM32CubeIDE_1.15.1/STM32CubeIDE/plugins/com.st.stm32cube.ide.mcu.externaltools.gnu-tools-for-stm32.12.3.rel1.win32_1.0.100.202403111256/tools/bin/../lib/gcc/arm-none-eabi/12.3.1/../../../../arm-none-eabi/lib/thumb/v7e-m+fp/hard\libc_nano.a(libc_a-init.o)
                0x0800824c                __libc_init_array
 .text.__retarget_lock_acquire_recursive
                0x08008294        0x2 D:/STM32CubeIDE_1.15.1/STM32CubeIDE/plugins/com.st.stm32cube.ide.mcu.externaltools.gnu-tools-for-stm32.12.3.rel1.win32_1.0.100.202403111256/tools/bin/../lib/gcc/arm-none-eabi/12.3.1/../../../../arm-none-eabi/lib/thumb/v7e-m+fp/hard\libc_nano.a(libc_a-lock.o)
                0x08008294                __retarget_lock_acquire_recursive
 .text.__retarget_lock_release_recursive
                0x08008296        0x2 D:/STM32CubeIDE_1.15.1/STM32CubeIDE/plugins/com.st.stm32cube.ide.mcu.externaltools.gnu-tools-for-stm32.12.3.rel1.win32_1.0.100.202403111256/tools/bin/../lib/gcc/arm-none-eabi/12.3.1/../../../../arm-none-eabi/lib/thumb/v7e-m+fp/hard\libc_nano.a(libc_a-lock.o)
                0x08008296                __retarget_lock_release_recursive
 .text._free_r  0x08008298       0x94 D:/STM32CubeIDE_1.15.1/STM32CubeIDE/plugins/com.st.stm32cube.ide.mcu.externaltools.gnu-tools-for-stm32.12.3.rel1.win32_1.0.100.202403111256/tools/bin/../lib/gcc/arm-none-eabi/12.3.1/../../../../arm-none-eabi/lib/thumb/v7e-m+fp/hard\libc_nano.a(libc_a-freer.o)
                0x08008298                _free_r
 .text.sbrk_aligned
                0x0800832c       0x44 D:/STM32CubeIDE_1.15.1/STM32CubeIDE/plugins/com.st.stm32cube.ide.mcu.externaltools.gnu-tools-for-stm32.12.3.rel1.win32_1.0.100.202403111256/tools/bin/../lib/gcc/arm-none-eabi/12.3.1/../../../../arm-none-eabi/lib/thumb/v7e-m+fp/hard\libc_nano.a(libc_a-mallocr.o)
 .text._malloc_r
                0x08008370      0x100 D:/STM32CubeIDE_1.15.1/STM32CubeIDE/plugins/com.st.stm32cube.ide.mcu.externaltools.gnu-tools-for-stm32.12.3.rel1.win32_1.0.100.202403111256/tools/bin/../lib/gcc/arm-none-eabi/12.3.1/../../../../arm-none-eabi/lib/thumb/v7e-m+fp/hard\libc_nano.a(libc_a-mallocr.o)
                0x08008370                _malloc_r
 .text.__malloc_lock
                0x08008470        0xc D:/STM32CubeIDE_1.15.1/STM32CubeIDE/plugins/com.st.stm32cube.ide.mcu.externaltools.gnu-tools-for-stm32.12.3.rel1.win32_1.0.100.202403111256/tools/bin/../lib/gcc/arm-none-eabi/12.3.1/../../../../arm-none-eabi/lib/thumb/v7e-m+fp/hard\libc_nano.a(libc_a-mlock.o)
                0x08008470                __malloc_lock
 .text.__malloc_unlock
                0x0800847c        0xc D:/STM32CubeIDE_1.15.1/STM32CubeIDE/plugins/com.st.stm32cube.ide.mcu.externaltools.gnu-tools-for-stm32.12.3.rel1.win32_1.0.100.202403111256/tools/bin/../lib/gcc/arm-none-eabi/12.3.1/../../../../arm-none-eabi/lib/thumb/v7e-m+fp/hard\libc_nano.a(libc_a-mlock.o)
                0x0800847c                __malloc_unlock
 .text.__ssputs_r
                0x08008488       0xb6 D:/STM32CubeIDE_1.15.1/STM32CubeIDE/plugins/com.st.stm32cube.ide.mcu.externaltools.gnu-tools-for-stm32.12.3.rel1.win32_1.0.100.202403111256/tools/bin/../lib/gcc/arm-none-eabi/12.3.1/../../../../arm-none-eabi/lib/thumb/v7e-m+fp/hard\libc_nano.a(libc_a-nano-svfprintf.o)
                0x08008488                __ssputs_r
 *fill*         0x0800853e        0x2 
 .text._svfprintf_r
                0x08008540      0x1f8 D:/STM32CubeIDE_1.15.1/STM32CubeIDE/plugins/com.st.stm32cube.ide.mcu.externaltools.gnu-tools-for-stm32.12.3.rel1.win32_1.0.100.202403111256/tools/bin/../lib/gcc/arm-none-eabi/12.3.1/../../../../arm-none-eabi/lib/thumb/v7e-m+fp/hard\libc_nano.a(libc_a-nano-svfprintf.o)
                0x08008540                _svfiprintf_r
                0x08008540                _svfprintf_r
 .text._printf_common
                0x08008738       0xda D:/STM32CubeIDE_1.15.1/STM32CubeIDE/plugins/com.st.stm32cube.ide.mcu.externaltools.gnu-tools-for-stm32.12.3.rel1.win32_1.0.100.202403111256/tools/bin/../lib/gcc/arm-none-eabi/12.3.1/../../../../arm-none-eabi/lib/thumb/v7e-m+fp/hard\libc_nano.a(libc_a-nano-vfprintf_i.o)
                0x08008738                _printf_common
 *fill*         0x08008812        0x2 
 .text._printf_i
                0x08008814      0x240 D:/STM32CubeIDE_1.15.1/STM32CubeIDE/plugins/com.st.stm32cube.ide.mcu.externaltools.gnu-tools-for-stm32.12.3.rel1.win32_1.0.100.202403111256/tools/bin/../lib/gcc/arm-none-eabi/12.3.1/../../../../arm-none-eabi/lib/thumb/v7e-m+fp/hard\libc_nano.a(libc_a-nano-vfprintf_i.o)
                0x08008814                _printf_i
 .text.memmove  0x08008a54       0x34 D:/STM32CubeIDE_1.15.1/STM32CubeIDE/plugins/com.st.stm32cube.ide.mcu.externaltools.gnu-tools-for-stm32.12.3.rel1.win32_1.0.100.202403111256/tools/bin/../lib/gcc/arm-none-eabi/12.3.1/../../../../arm-none-eabi/lib/thumb/v7e-m+fp/hard\libc_nano.a(libc_a-memmove.o)
                0x08008a54                memmove
 .text._sbrk_r  0x08008a88       0x20 D:/STM32CubeIDE_1.15.1/STM32CubeIDE/plugins/com.st.stm32cube.ide.mcu.externaltools.gnu-tools-for-stm32.12.3.rel1.win32_1.0.100.202403111256/tools/bin/../lib/gcc/arm-none-eabi/12.3.1/../../../../arm-none-eabi/lib/thumb/v7e-m+fp/hard\libc_nano.a(libc_a-sbrkr.o)
                0x08008a88                _sbrk_r
 .text.memcpy   0x08008aa8       0x1c D:/STM32CubeIDE_1.15.1/STM32CubeIDE/plugins/com.st.stm32cube.ide.mcu.externaltools.gnu-tools-for-stm32.12.3.rel1.win32_1.0.100.202403111256/tools/bin/../lib/gcc/arm-none-eabi/12.3.1/../../../../arm-none-eabi/lib/thumb/v7e-m+fp/hard\libc_nano.a(libc_a-memcpy-stub.o)
                0x08008aa8                memcpy
 .text._realloc_r
                0x08008ac4       0x5c D:/STM32CubeIDE_1.15.1/STM32CubeIDE/plugins/com.st.stm32cube.ide.mcu.externaltools.gnu-tools-for-stm32.12.3.rel1.win32_1.0.100.202403111256/tools/bin/../lib/gcc/arm-none-eabi/12.3.1/../../../../arm-none-eabi/lib/thumb/v7e-m+fp/hard\libc_nano.a(libc_a-reallocr.o)
                0x08008ac4                _realloc_r
 .text._malloc_usable_size_r
                0x08008b20       0x10 D:/STM32CubeIDE_1.15.1/STM32CubeIDE/plugins/com.st.stm32cube.ide.mcu.externaltools.gnu-tools-for-stm32.12.3.rel1.win32_1.0.100.202403111256/tools/bin/../lib/gcc/arm-none-eabi/12.3.1/../../../../arm-none-eabi/lib/thumb/v7e-m+fp/hard\libc_nano.a(libc_a-msizer.o)
                0x08008b20                _malloc_usable_size_r
 *(.glue_7)
 .glue_7        0x08008b30        0x0 linker stubs
 *(.glue_7t)
 .glue_7t       0x08008b30        0x0 linker stubs
 *(.eh_frame)
 .eh_frame      0x08008b30        0x0 D:/STM32CubeIDE_1.15.1/STM32CubeIDE/plugins/com.st.stm32cube.ide.mcu.externaltools.gnu-tools-for-stm32.12.3.rel1.win32_1.0.100.202403111256/tools/bin/../lib/gcc/arm-none-eabi/12.3.1/thumb/v7e-m+fp/hard/crtbegin.o
 *(.init)
 .init          0x08008b30        0x4 D:/STM32CubeIDE_1.15.1/STM32CubeIDE/plugins/com.st.stm32cube.ide.mcu.externaltools.gnu-tools-for-stm32.12.3.rel1.win32_1.0.100.202403111256/tools/bin/../lib/gcc/arm-none-eabi/12.3.1/thumb/v7e-m+fp/hard/crti.o
                0x08008b30                _init
 .init          0x08008b34        0x8 D:/STM32CubeIDE_1.15.1/STM32CubeIDE/plugins/com.st.stm32cube.ide.mcu.externaltools.gnu-tools-for-stm32.12.3.rel1.win32_1.0.100.202403111256/tools/bin/../lib/gcc/arm-none-eabi/12.3.1/thumb/v7e-m+fp/hard/crtn.o
 *(.fini)
 .fini          0x08008b3c        0x4 D:/STM32CubeIDE_1.15.1/STM32CubeIDE/plugins/com.st.stm32cube.ide.mcu.externaltools.gnu-tools-for-stm32.12.3.rel1.win32_1.0.100.202403111256/tools/bin/../lib/gcc/arm-none-eabi/12.3.1/thumb/v7e-m+fp/hard/crti.o
                0x08008b3c                _fini
 .fini          0x08008b40        0x8 D:/STM32CubeIDE_1.15.1/STM32CubeIDE/plugins/com.st.stm32cube.ide.mcu.externaltools.gnu-tools-for-stm32.12.3.rel1.win32_1.0.100.202403111256/tools/bin/../lib/gcc/arm-none-eabi/12.3.1/thumb/v7e-m+fp/hard/crtn.o
                0x08008b48                        . = ALIGN (0x4)
                0x08008b48                        _etext = .

.vfp11_veneer   0x08008b48        0x0
 .vfp11_veneer  0x08008b48        0x0 linker stubs

.v4_bx          0x08008b48        0x0
 .v4_bx         0x08008b48        0x0 linker stubs

.iplt           0x08008b48        0x0
 .iplt          0x08008b48        0x0 D:/STM32CubeIDE_1.15.1/STM32CubeIDE/plugins/com.st.stm32cube.ide.mcu.externaltools.gnu-tools-for-stm32.12.3.rel1.win32_1.0.100.202403111256/tools/bin/../lib/gcc/arm-none-eabi/12.3.1/thumb/v7e-m+fp/hard/crtbegin.o

.rodata         0x08008b48     0x309c
                0x08008b48                        . = ALIGN (0x4)
 *(.rodata)
 .rodata        0x08008b48       0x9f ./Core/Src/ada_update.o
 *fill*         0x08008be7        0x1 
 .rodata        0x08008be8       0x28 ./Core/Src/light_control.o
 *(.rodata*)
 .rodata.ascii_1608
                0x08008c10      0x5f0 ./Core/Src/lcd.o
                0x08008c10                ascii_1608
 .rodata.ascii_2412
                0x08009200     0x11d0 ./Core/Src/lcd.o
                0x08009200                ascii_2412
 .rodata.ascii_3216
                0x0800a3d0     0x17c0 ./Core/Src/lcd.o
                0x0800a3d0                ascii_3216
 .rodata.AHBPrescTable
                0x0800bb90       0x10 ./Core/Src/system_stm32f4xx.o
                0x0800bb90                AHBPrescTable
 .rodata.APBPrescTable
                0x0800bba0        0x8 ./Core/Src/system_stm32f4xx.o
                0x0800bba0                APBPrescTable
 .rodata.flagBitshiftOffset.0
                0x0800bba8        0x8 ./Drivers/STM32F4xx_HAL_Driver/Src/stm32f4xx_hal_dma.o
 .rodata._svfprintf_r.str1.1
                0x0800bbb0       0x11 D:/STM32CubeIDE_1.15.1/STM32CubeIDE/plugins/com.st.stm32cube.ide.mcu.externaltools.gnu-tools-for-stm32.12.3.rel1.win32_1.0.100.202403111256/tools/bin/../lib/gcc/arm-none-eabi/12.3.1/../../../../arm-none-eabi/lib/thumb/v7e-m+fp/hard\libc_nano.a(libc_a-nano-svfprintf.o)
 .rodata._printf_i.str1.1
                0x0800bbc1       0x22 D:/STM32CubeIDE_1.15.1/STM32CubeIDE/plugins/com.st.stm32cube.ide.mcu.externaltools.gnu-tools-for-stm32.12.3.rel1.win32_1.0.100.202403111256/tools/bin/../lib/gcc/arm-none-eabi/12.3.1/../../../../arm-none-eabi/lib/thumb/v7e-m+fp/hard\libc_nano.a(libc_a-nano-vfprintf_i.o)
                0x0800bbe4                        . = ALIGN (0x4)
 *fill*         0x0800bbe3        0x1 

.ARM.extab      0x0800bbe4        0x0
                0x0800bbe4                        . = ALIGN (0x4)
 *(.ARM.extab* .gnu.linkonce.armextab.*)
                0x0800bbe4                        . = ALIGN (0x4)

.ARM            0x0800bbe4        0x8
                0x0800bbe4                        . = ALIGN (0x4)
                0x0800bbe4                        __exidx_start = .
 *(.ARM.exidx*)
 .ARM.exidx     0x0800bbe4        0x8 D:/STM32CubeIDE_1.15.1/STM32CubeIDE/plugins/com.st.stm32cube.ide.mcu.externaltools.gnu-tools-for-stm32.12.3.rel1.win32_1.0.100.202403111256/tools/bin/../lib/gcc/arm-none-eabi/12.3.1/../../../../arm-none-eabi/lib/thumb/v7e-m+fp/hard\libc_nano.a(libc_a-strlen.o)
 .ARM.exidx     0x0800bbec        0x0 D:/STM32CubeIDE_1.15.1/STM32CubeIDE/plugins/com.st.stm32cube.ide.mcu.externaltools.gnu-tools-for-stm32.12.3.rel1.win32_1.0.100.202403111256/tools/bin/../lib/gcc/arm-none-eabi/12.3.1/../../../../arm-none-eabi/lib/thumb/v7e-m+fp/hard\libc_nano.a(libc_a-memchr.o)
                                  0x8 (size before relaxing)
 .ARM.exidx     0x0800bbec        0x0 D:/STM32CubeIDE_1.15.1/STM32CubeIDE/plugins/com.st.stm32cube.ide.mcu.externaltools.gnu-tools-for-stm32.12.3.rel1.win32_1.0.100.202403111256/tools/bin/../lib/gcc/arm-none-eabi/12.3.1/thumb/v7e-m+fp/hard\libgcc.a(_udivmoddi4.o)
                                  0x8 (size before relaxing)
                0x0800bbec                        __exidx_end = .
                0x0800bbec                        . = ALIGN (0x4)

.rel.dyn        0x0800bbec        0x0
 .rel.iplt      0x0800bbec        0x0 D:/STM32CubeIDE_1.15.1/STM32CubeIDE/plugins/com.st.stm32cube.ide.mcu.externaltools.gnu-tools-for-stm32.12.3.rel1.win32_1.0.100.202403111256/tools/bin/../lib/gcc/arm-none-eabi/12.3.1/thumb/v7e-m+fp/hard/crtbegin.o

.preinit_array  0x0800bbec        0x0
                0x0800bbec                        . = ALIGN (0x4)
                0x0800bbec                        PROVIDE (__preinit_array_start = .)
 *(.preinit_array*)
                0x0800bbec                        PROVIDE (__preinit_array_end = .)
                0x0800bbec                        . = ALIGN (0x4)

.init_array     0x0800bbec        0x4
                0x0800bbec                        . = ALIGN (0x4)
                0x0800bbec                        PROVIDE (__init_array_start = .)
 *(SORT_BY_NAME(.init_array.*))
 *(.init_array*)
 .init_array    0x0800bbec        0x4 D:/STM32CubeIDE_1.15.1/STM32CubeIDE/plugins/com.st.stm32cube.ide.mcu.externaltools.gnu-tools-for-stm32.12.3.rel1.win32_1.0.100.202403111256/tools/bin/../lib/gcc/arm-none-eabi/12.3.1/thumb/v7e-m+fp/hard/crtbegin.o
                0x0800bbf0                        PROVIDE (__init_array_end = .)
                0x0800bbf0                        . = ALIGN (0x4)

.fini_array     0x0800bbf0        0x4
                0x0800bbf0                        . = ALIGN (0x4)
                [!provide]                        PROVIDE (__fini_array_start = .)
 *(SORT_BY_NAME(.fini_array.*))
 *(.fini_array*)
 .fini_array    0x0800bbf0        0x4 D:/STM32CubeIDE_1.15.1/STM32CubeIDE/plugins/com.st.stm32cube.ide.mcu.externaltools.gnu-tools-for-stm32.12.3.rel1.win32_1.0.100.202403111256/tools/bin/../lib/gcc/arm-none-eabi/12.3.1/thumb/v7e-m+fp/hard/crtbegin.o
                [!provide]                        PROVIDE (__fini_array_end = .)
                0x0800bbf4                        . = ALIGN (0x4)
                0x0800bbf4                        _sidata = LOADADDR (.data)

.data           0x20000000       0x64 load address 0x0800bbf4
                0x20000000                        . = ALIGN (0x4)
                0x20000000                        _sdata = .
 *(.data)
 *(.data*)
 .data.led7seg  0x20000000        0x4 ./Core/Src/led_7seg.o
                0x20000000                led7seg
 .data.spi_buffer
                0x20000004        0x2 ./Core/Src/led_7seg.o
                0x20000004                spi_buffer
 *fill*         0x20000006        0x2 
 .data.SystemCoreClock
                0x20000008        0x4 ./Core/Src/system_stm32f4xx.o
                0x20000008                SystemCoreClock
 .data.uwTickPrio
                0x2000000c        0x4 ./Drivers/STM32F4xx_HAL_Driver/Src/stm32f4xx_hal.o
                0x2000000c                uwTickPrio
 .data.uwTickFreq
                0x20000010        0x1 ./Drivers/STM32F4xx_HAL_Driver/Src/stm32f4xx_hal.o
                0x20000010                uwTickFreq
 *fill*         0x20000011        0x3 
 .data._impure_ptr
                0x20000014        0x4 D:/STM32CubeIDE_1.15.1/STM32CubeIDE/plugins/com.st.stm32cube.ide.mcu.externaltools.gnu-tools-for-stm32.12.3.rel1.win32_1.0.100.202403111256/tools/bin/../lib/gcc/arm-none-eabi/12.3.1/../../../../arm-none-eabi/lib/thumb/v7e-m+fp/hard\libc_nano.a(libc_a-impure.o)
                0x20000014                _impure_ptr
 .data._impure_data
                0x20000018       0x4c D:/STM32CubeIDE_1.15.1/STM32CubeIDE/plugins/com.st.stm32cube.ide.mcu.externaltools.gnu-tools-for-stm32.12.3.rel1.win32_1.0.100.202403111256/tools/bin/../lib/gcc/arm-none-eabi/12.3.1/../../../../arm-none-eabi/lib/thumb/v7e-m+fp/hard\libc_nano.a(libc_a-impure.o)
                0x20000018                _impure_data
 *(.RamFunc)
 *(.RamFunc*)
                0x20000064                        . = ALIGN (0x4)
                0x20000064                        _edata = .
                0x0800bc58                        _siccmram = LOADADDR (.ccmram)

.igot.plt       0x20000064        0x0 load address 0x0800bc58
 .igot.plt      0x20000064        0x0 D:/STM32CubeIDE_1.15.1/STM32CubeIDE/plugins/com.st.stm32cube.ide.mcu.externaltools.gnu-tools-for-stm32.12.3.rel1.win32_1.0.100.202403111256/tools/bin/../lib/gcc/arm-none-eabi/12.3.1/thumb/v7e-m+fp/hard/crtbegin.o

.ccmram         0x10000000        0x0 load address 0x0800bc58
                0x10000000                        . = ALIGN (0x4)
                0x10000000                        _sccmram = .
 *(.ccmram)
 *(.ccmram*)
                0x10000000                        . = ALIGN (0x4)
                0x10000000                        _eccmram = .
                0x10000000                        . = ALIGN (0x4)

.bss            0x20000064      0x4c0
                0x20000064                        _sbss = .
                0x20000064                        __bss_start__ = _sbss
 *(.bss)
 .bss           0x20000064       0x1c D:/STM32CubeIDE_1.15.1/STM32CubeIDE/plugins/com.st.stm32cube.ide.mcu.externaltools.gnu-tools-for-stm32.12.3.rel1.win32_1.0.100.202403111256/tools/bin/../lib/gcc/arm-none-eabi/12.3.1/thumb/v7e-m+fp/hard/crtbegin.o
 *(.bss*)
 .bss.count_adc
                0x20000080        0x1 ./Core/Src/ada_update.o
                0x20000080                count_adc
 *fill*         0x20000081        0x3 
 .bss.hadc1     0x20000084       0x48 ./Core/Src/adc.o
                0x20000084                hadc1
 .bss.hdma_adc1
                0x200000cc       0x60 ./Core/Src/adc.o
                0x200000cc                hdma_adc1
 .bss.button_count
                0x2000012c       0x20 ./Core/Src/button.o
                0x2000012c                button_count
 .bss.spi_button
                0x2000014c        0x2 ./Core/Src/button.o
                0x2000014c                spi_button
 *fill*         0x2000014e        0x2 
 .bss.hsram1    0x20000150       0x50 ./Core/Src/fsmc.o
                0x20000150                hsram1
 .bss.FSMC_Initialized
                0x200001a0        0x4 ./Core/Src/fsmc.o
 .bss.hi2c1     0x200001a4       0x54 ./Core/Src/i2c.o
                0x200001a4                hi2c1
 .bss.lcddev    0x200001f8        0x6 ./Core/Src/lcd.o
                0x200001f8                lcddev
 *fill*         0x200001fe        0x2 
 .bss.led7_index
                0x20000200        0x4 ./Core/Src/led_7seg.o
                0x20000200                led7_index
 .bss.light_status
                0x20000204        0x1 ./Core/Src/light_control.o
                0x20000204                light_status
 .bss.count_led_debug
                0x20000205        0x1 ./Core/Src/main.o
                0x20000205                count_led_debug
 *fill*         0x20000206        0x2 
 .bss.adc_receive
                0x20000208        0xa ./Core/Src/sensor.o
                0x20000208                adc_receive
 .bss.flag_timer2
                0x20000212        0x2 ./Core/Src/software_timer.o
                0x20000212                flag_timer2
 .bss.timer2_counter
                0x20000214        0x2 ./Core/Src/software_timer.o
                0x20000214                timer2_counter
 .bss.timer2_MUL
                0x20000216        0x2 ./Core/Src/software_timer.o
                0x20000216                timer2_MUL
 .bss.hspi1     0x20000218       0x58 ./Core/Src/spi.o
                0x20000218                hspi1
 .bss.__sbrk_heap_end
                0x20000270        0x4 ./Core/Src/sysmem.o
 .bss.htim1     0x20000274       0x48 ./Core/Src/tim.o
                0x20000274                htim1
 .bss.htim2     0x200002bc       0x48 ./Core/Src/tim.o
                0x200002bc                htim2
 .bss.htim13    0x20000304       0x48 ./Core/Src/tim.o
                0x20000304                htim13
 .bss.receive_buffer1
                0x2000034c        0x1 ./Core/Src/uart.o
                0x2000034c                receive_buffer1
 .bss.receive_buffer2
                0x2000034d        0x1 ./Core/Src/uart.o
                0x2000034d                receive_buffer2
 .bss.check_esp
                0x2000034e        0x1 ./Core/Src/uart.o
                0x2000034e                check_esp
 *fill*         0x2000034f        0x1 
 .bss.huart1    0x20000350       0x44 ./Core/Src/usart.o
                0x20000350                huart1
 .bss.huart2    0x20000394       0x44 ./Core/Src/usart.o
                0x20000394                huart2
 .bss.uwTick    0x200003d8        0x4 ./Drivers/STM32F4xx_HAL_Driver/Src/stm32f4xx_hal.o
                0x200003d8                uwTick
 .bss.__sf      0x200003dc      0x138 D:/STM32CubeIDE_1.15.1/STM32CubeIDE/plugins/com.st.stm32cube.ide.mcu.externaltools.gnu-tools-for-stm32.12.3.rel1.win32_1.0.100.202403111256/tools/bin/../lib/gcc/arm-none-eabi/12.3.1/../../../../arm-none-eabi/lib/thumb/v7e-m+fp/hard\libc_nano.a(libc_a-findfp.o)
                0x200003dc                __sf
 .bss.errno     0x20000514        0x4 D:/STM32CubeIDE_1.15.1/STM32CubeIDE/plugins/com.st.stm32cube.ide.mcu.externaltools.gnu-tools-for-stm32.12.3.rel1.win32_1.0.100.202403111256/tools/bin/../lib/gcc/arm-none-eabi/12.3.1/../../../../arm-none-eabi/lib/thumb/v7e-m+fp/hard\libc_nano.a(libc_a-reent.o)
                0x20000514                errno
 .bss.__lock___malloc_recursive_mutex
                0x20000518        0x1 D:/STM32CubeIDE_1.15.1/STM32CubeIDE/plugins/com.st.stm32cube.ide.mcu.externaltools.gnu-tools-for-stm32.12.3.rel1.win32_1.0.100.202403111256/tools/bin/../lib/gcc/arm-none-eabi/12.3.1/../../../../arm-none-eabi/lib/thumb/v7e-m+fp/hard\libc_nano.a(libc_a-lock.o)
                0x20000518                __lock___malloc_recursive_mutex
 *fill*         0x20000519        0x3 
 .bss.__malloc_sbrk_start
                0x2000051c        0x4 D:/STM32CubeIDE_1.15.1/STM32CubeIDE/plugins/com.st.stm32cube.ide.mcu.externaltools.gnu-tools-for-stm32.12.3.rel1.win32_1.0.100.202403111256/tools/bin/../lib/gcc/arm-none-eabi/12.3.1/../../../../arm-none-eabi/lib/thumb/v7e-m+fp/hard\libc_nano.a(libc_a-mallocr.o)
                0x2000051c                __malloc_sbrk_start
 .bss.__malloc_free_list
                0x20000520        0x4 D:/STM32CubeIDE_1.15.1/STM32CubeIDE/plugins/com.st.stm32cube.ide.mcu.externaltools.gnu-tools-for-stm32.12.3.rel1.win32_1.0.100.202403111256/tools/bin/../lib/gcc/arm-none-eabi/12.3.1/../../../../arm-none-eabi/lib/thumb/v7e-m+fp/hard\libc_nano.a(libc_a-mallocr.o)
                0x20000520                __malloc_free_list
 *(COMMON)
                0x20000524                        . = ALIGN (0x4)
                0x20000524                        _ebss = .
                0x20000524                        __bss_end__ = _ebss

._user_heap_stack
                0x20000524      0x604
                0x20000528                        . = ALIGN (0x8)
 *fill*         0x20000524        0x4 
                [!provide]                        PROVIDE (end = .)
                0x20000528                        PROVIDE (_end = .)
                0x20000728                        . = (. + _Min_Heap_Size)
 *fill*         0x20000528      0x200 
                0x20000b28                        . = (. + _Min_Stack_Size)
 *fill*         0x20000728      0x400 
                0x20000b28                        . = ALIGN (0x8)

/DISCARD/
 libc.a(*)
 libm.a(*)
 libgcc.a(*)

.ARM.attributes
                0x00000000       0x30
 *(.ARM.attributes)
 .ARM.attributes
                0x00000000       0x22 D:/STM32CubeIDE_1.15.1/STM32CubeIDE/plugins/com.st.stm32cube.ide.mcu.externaltools.gnu-tools-for-stm32.12.3.rel1.win32_1.0.100.202403111256/tools/bin/../lib/gcc/arm-none-eabi/12.3.1/thumb/v7e-m+fp/hard/crti.o
 .ARM.attributes
                0x00000022       0x34 D:/STM32CubeIDE_1.15.1/STM32CubeIDE/plugins/com.st.stm32cube.ide.mcu.externaltools.gnu-tools-for-stm32.12.3.rel1.win32_1.0.100.202403111256/tools/bin/../lib/gcc/arm-none-eabi/12.3.1/thumb/v7e-m+fp/hard/crtbegin.o
 .ARM.attributes
                0x00000056       0x34 ./Core/Src/ada_update.o
 .ARM.attributes
                0x0000008a       0x34 ./Core/Src/adc.o
 .ARM.attributes
                0x000000be       0x34 ./Core/Src/button.o
 .ARM.attributes
                0x000000f2       0x34 ./Core/Src/dma.o
 .ARM.attributes
                0x00000126       0x34 ./Core/Src/fsmc.o
 .ARM.attributes
                0x0000015a       0x34 ./Core/Src/gpio.o
 .ARM.attributes
                0x0000018e       0x34 ./Core/Src/i2c.o
 .ARM.attributes
                0x000001c2       0x34 ./Core/Src/lcd.o
 .ARM.attributes
                0x000001f6       0x34 ./Core/Src/led_7seg.o
 .ARM.attributes
                0x0000022a       0x34 ./Core/Src/light_control.o
 .ARM.attributes
                0x0000025e       0x34 ./Core/Src/main.o
 .ARM.attributes
                0x00000292       0x34 ./Core/Src/sensor.o
 .ARM.attributes
                0x000002c6       0x34 ./Core/Src/software_timer.o
 .ARM.attributes
                0x000002fa       0x34 ./Core/Src/spi.o
 .ARM.attributes
                0x0000032e       0x34 ./Core/Src/stm32f4xx_hal_msp.o
 .ARM.attributes
                0x00000362       0x34 ./Core/Src/stm32f4xx_it.o
 .ARM.attributes
                0x00000396       0x34 ./Core/Src/sysmem.o
 .ARM.attributes
                0x000003ca       0x34 ./Core/Src/system_stm32f4xx.o
 .ARM.attributes
                0x000003fe       0x34 ./Core/Src/tim.o
 .ARM.attributes
                0x00000432       0x34 ./Core/Src/uart.o
 .ARM.attributes
                0x00000466       0x34 ./Core/Src/usart.o
 .ARM.attributes
                0x0000049a       0x21 ./Core/Startup/startup_stm32f407zetx.o
 .ARM.attributes
                0x000004bb       0x34 ./Drivers/STM32F4xx_HAL_Driver/Src/stm32f4xx_hal.o
 .ARM.attributes
                0x000004ef       0x34 ./Drivers/STM32F4xx_HAL_Driver/Src/stm32f4xx_hal_adc.o
 .ARM.attributes
                0x00000523       0x34 ./Drivers/STM32F4xx_HAL_Driver/Src/stm32f4xx_hal_cortex.o
 .ARM.attributes
                0x00000557       0x34 ./Drivers/STM32F4xx_HAL_Driver/Src/stm32f4xx_hal_dma.o
 .ARM.attributes
                0x0000058b       0x34 ./Drivers/STM32F4xx_HAL_Driver/Src/stm32f4xx_hal_gpio.o
 .ARM.attributes
                0x000005bf       0x34 ./Drivers/STM32F4xx_HAL_Driver/Src/stm32f4xx_hal_i2c.o
 .ARM.attributes
                0x000005f3       0x34 ./Drivers/STM32F4xx_HAL_Driver/Src/stm32f4xx_hal_rcc.o
 .ARM.attributes
                0x00000627       0x34 ./Drivers/STM32F4xx_HAL_Driver/Src/stm32f4xx_hal_spi.o
 .ARM.attributes
                0x0000065b       0x34 ./Drivers/STM32F4xx_HAL_Driver/Src/stm32f4xx_hal_sram.o
 .ARM.attributes
                0x0000068f       0x34 ./Drivers/STM32F4xx_HAL_Driver/Src/stm32f4xx_hal_tim.o
 .ARM.attributes
                0x000006c3       0x34 ./Drivers/STM32F4xx_HAL_Driver/Src/stm32f4xx_hal_tim_ex.o
 .ARM.attributes
                0x000006f7       0x34 ./Drivers/STM32F4xx_HAL_Driver/Src/stm32f4xx_hal_uart.o
 .ARM.attributes
                0x0000072b       0x34 ./Drivers/STM32F4xx_HAL_Driver/Src/stm32f4xx_ll_fsmc.o
 .ARM.attributes
                0x0000075f       0x34 D:/STM32CubeIDE_1.15.1/STM32CubeIDE/plugins/com.st.stm32cube.ide.mcu.externaltools.gnu-tools-for-stm32.12.3.rel1.win32_1.0.100.202403111256/tools/bin/../lib/gcc/arm-none-eabi/12.3.1/../../../../arm-none-eabi/lib/thumb/v7e-m+fp/hard\libc_nano.a(libc_a-findfp.o)
 .ARM.attributes
                0x00000793       0x34 D:/STM32CubeIDE_1.15.1/STM32CubeIDE/plugins/com.st.stm32cube.ide.mcu.externaltools.gnu-tools-for-stm32.12.3.rel1.win32_1.0.100.202403111256/tools/bin/../lib/gcc/arm-none-eabi/12.3.1/../../../../arm-none-eabi/lib/thumb/v7e-m+fp/hard\libc_nano.a(libc_a-snprintf.o)
 .ARM.attributes
                0x000007c7       0x34 D:/STM32CubeIDE_1.15.1/STM32CubeIDE/plugins/com.st.stm32cube.ide.mcu.externaltools.gnu-tools-for-stm32.12.3.rel1.win32_1.0.100.202403111256/tools/bin/../lib/gcc/arm-none-eabi/12.3.1/../../../../arm-none-eabi/lib/thumb/v7e-m+fp/hard\libc_nano.a(libc_a-memset.o)
 .ARM.attributes
                0x000007fb       0x34 D:/STM32CubeIDE_1.15.1/STM32CubeIDE/plugins/com.st.stm32cube.ide.mcu.externaltools.gnu-tools-for-stm32.12.3.rel1.win32_1.0.100.202403111256/tools/bin/../lib/gcc/arm-none-eabi/12.3.1/../../../../arm-none-eabi/lib/thumb/v7e-m+fp/hard\libc_nano.a(libc_a-reent.o)
 .ARM.attributes
                0x0000082f       0x34 D:/STM32CubeIDE_1.15.1/STM32CubeIDE/plugins/com.st.stm32cube.ide.mcu.externaltools.gnu-tools-for-stm32.12.3.rel1.win32_1.0.100.202403111256/tools/bin/../lib/gcc/arm-none-eabi/12.3.1/../../../../arm-none-eabi/lib/thumb/v7e-m+fp/hard\libc_nano.a(libc_a-impure.o)
 .ARM.attributes
                0x00000863       0x34 D:/STM32CubeIDE_1.15.1/STM32CubeIDE/plugins/com.st.stm32cube.ide.mcu.externaltools.gnu-tools-for-stm32.12.3.rel1.win32_1.0.100.202403111256/tools/bin/../lib/gcc/arm-none-eabi/12.3.1/../../../../arm-none-eabi/lib/thumb/v7e-m+fp/hard\libc_nano.a(libc_a-errno.o)
 .ARM.attributes
                0x00000897       0x34 D:/STM32CubeIDE_1.15.1/STM32CubeIDE/plugins/com.st.stm32cube.ide.mcu.externaltools.gnu-tools-for-stm32.12.3.rel1.win32_1.0.100.202403111256/tools/bin/../lib/gcc/arm-none-eabi/12.3.1/../../../../arm-none-eabi/lib/thumb/v7e-m+fp/hard\libc_nano.a(libc_a-init.o)
 .ARM.attributes
                0x000008cb       0x34 D:/STM32CubeIDE_1.15.1/STM32CubeIDE/plugins/com.st.stm32cube.ide.mcu.externaltools.gnu-tools-for-stm32.12.3.rel1.win32_1.0.100.202403111256/tools/bin/../lib/gcc/arm-none-eabi/12.3.1/../../../../arm-none-eabi/lib/thumb/v7e-m+fp/hard\libc_nano.a(libc_a-lock.o)
 .ARM.attributes
                0x000008ff       0x17 D:/STM32CubeIDE_1.15.1/STM32CubeIDE/plugins/com.st.stm32cube.ide.mcu.externaltools.gnu-tools-for-stm32.12.3.rel1.win32_1.0.100.202403111256/tools/bin/../lib/gcc/arm-none-eabi/12.3.1/../../../../arm-none-eabi/lib/thumb/v7e-m+fp/hard\libc_nano.a(libc_a-strlen.o)
 .ARM.attributes
                0x00000916       0x34 D:/STM32CubeIDE_1.15.1/STM32CubeIDE/plugins/com.st.stm32cube.ide.mcu.externaltools.gnu-tools-for-stm32.12.3.rel1.win32_1.0.100.202403111256/tools/bin/../lib/gcc/arm-none-eabi/12.3.1/../../../../arm-none-eabi/lib/thumb/v7e-m+fp/hard\libc_nano.a(libc_a-freer.o)
 .ARM.attributes
                0x0000094a       0x34 D:/STM32CubeIDE_1.15.1/STM32CubeIDE/plugins/com.st.stm32cube.ide.mcu.externaltools.gnu-tools-for-stm32.12.3.rel1.win32_1.0.100.202403111256/tools/bin/../lib/gcc/arm-none-eabi/12.3.1/../../../../arm-none-eabi/lib/thumb/v7e-m+fp/hard\libc_nano.a(libc_a-mallocr.o)
 .ARM.attributes
                0x0000097e       0x34 D:/STM32CubeIDE_1.15.1/STM32CubeIDE/plugins/com.st.stm32cube.ide.mcu.externaltools.gnu-tools-for-stm32.12.3.rel1.win32_1.0.100.202403111256/tools/bin/../lib/gcc/arm-none-eabi/12.3.1/../../../../arm-none-eabi/lib/thumb/v7e-m+fp/hard\libc_nano.a(libc_a-mlock.o)
 .ARM.attributes
                0x000009b2       0x34 D:/STM32CubeIDE_1.15.1/STM32CubeIDE/plugins/com.st.stm32cube.ide.mcu.externaltools.gnu-tools-for-stm32.12.3.rel1.win32_1.0.100.202403111256/tools/bin/../lib/gcc/arm-none-eabi/12.3.1/../../../../arm-none-eabi/lib/thumb/v7e-m+fp/hard\libc_nano.a(libc_a-nano-svfprintf.o)
 .ARM.attributes
                0x000009e6       0x34 D:/STM32CubeIDE_1.15.1/STM32CubeIDE/plugins/com.st.stm32cube.ide.mcu.externaltools.gnu-tools-for-stm32.12.3.rel1.win32_1.0.100.202403111256/tools/bin/../lib/gcc/arm-none-eabi/12.3.1/../../../../arm-none-eabi/lib/thumb/v7e-m+fp/hard\libc_nano.a(libc_a-nano-vfprintf_i.o)
 .ARM.attributes
                0x00000a1a       0x34 D:/STM32CubeIDE_1.15.1/STM32CubeIDE/plugins/com.st.stm32cube.ide.mcu.externaltools.gnu-tools-for-stm32.12.3.rel1.win32_1.0.100.202403111256/tools/bin/../lib/gcc/arm-none-eabi/12.3.1/../../../../arm-none-eabi/lib/thumb/v7e-m+fp/hard\libc_nano.a(libc_a-memmove.o)
 .ARM.attributes
                0x00000a4e       0x34 D:/STM32CubeIDE_1.15.1/STM32CubeIDE/plugins/com.st.stm32cube.ide.mcu.externaltools.gnu-tools-for-stm32.12.3.rel1.win32_1.0.100.202403111256/tools/bin/../lib/gcc/arm-none-eabi/12.3.1/../../../../arm-none-eabi/lib/thumb/v7e-m+fp/hard\libc_nano.a(libc_a-sbrkr.o)
 .ARM.attributes
                0x00000a82       0x1c D:/STM32CubeIDE_1.15.1/STM32CubeIDE/plugins/com.st.stm32cube.ide.mcu.externaltools.gnu-tools-for-stm32.12.3.rel1.win32_1.0.100.202403111256/tools/bin/../lib/gcc/arm-none-eabi/12.3.1/../../../../arm-none-eabi/lib/thumb/v7e-m+fp/hard\libc_nano.a(libc_a-memchr.o)
 .ARM.attributes
                0x00000a9e       0x34 D:/STM32CubeIDE_1.15.1/STM32CubeIDE/plugins/com.st.stm32cube.ide.mcu.externaltools.gnu-tools-for-stm32.12.3.rel1.win32_1.0.100.202403111256/tools/bin/../lib/gcc/arm-none-eabi/12.3.1/../../../../arm-none-eabi/lib/thumb/v7e-m+fp/hard\libc_nano.a(libc_a-memcpy-stub.o)
 .ARM.attributes
                0x00000ad2       0x34 D:/STM32CubeIDE_1.15.1/STM32CubeIDE/plugins/com.st.stm32cube.ide.mcu.externaltools.gnu-tools-for-stm32.12.3.rel1.win32_1.0.100.202403111256/tools/bin/../lib/gcc/arm-none-eabi/12.3.1/../../../../arm-none-eabi/lib/thumb/v7e-m+fp/hard\libc_nano.a(libc_a-reallocr.o)
 .ARM.attributes
                0x00000b06       0x34 D:/STM32CubeIDE_1.15.1/STM32CubeIDE/plugins/com.st.stm32cube.ide.mcu.externaltools.gnu-tools-for-stm32.12.3.rel1.win32_1.0.100.202403111256/tools/bin/../lib/gcc/arm-none-eabi/12.3.1/../../../../arm-none-eabi/lib/thumb/v7e-m+fp/hard\libc_nano.a(libc_a-msizer.o)
 .ARM.attributes
                0x00000b3a       0x22 D:/STM32CubeIDE_1.15.1/STM32CubeIDE/plugins/com.st.stm32cube.ide.mcu.externaltools.gnu-tools-for-stm32.12.3.rel1.win32_1.0.100.202403111256/tools/bin/../lib/gcc/arm-none-eabi/12.3.1/thumb/v7e-m+fp/hard\libgcc.a(_arm_addsubdf3.o)
 .ARM.attributes
                0x00000b5c       0x22 D:/STM32CubeIDE_1.15.1/STM32CubeIDE/plugins/com.st.stm32cube.ide.mcu.externaltools.gnu-tools-for-stm32.12.3.rel1.win32_1.0.100.202403111256/tools/bin/../lib/gcc/arm-none-eabi/12.3.1/thumb/v7e-m+fp/hard\libgcc.a(_arm_muldivdf3.o)
 .ARM.attributes
                0x00000b7e       0x22 D:/STM32CubeIDE_1.15.1/STM32CubeIDE/plugins/com.st.stm32cube.ide.mcu.externaltools.gnu-tools-for-stm32.12.3.rel1.win32_1.0.100.202403111256/tools/bin/../lib/gcc/arm-none-eabi/12.3.1/thumb/v7e-m+fp/hard\libgcc.a(_arm_truncdfsf2.o)
 .ARM.attributes
                0x00000ba0       0x22 D:/STM32CubeIDE_1.15.1/STM32CubeIDE/plugins/com.st.stm32cube.ide.mcu.externaltools.gnu-tools-for-stm32.12.3.rel1.win32_1.0.100.202403111256/tools/bin/../lib/gcc/arm-none-eabi/12.3.1/thumb/v7e-m+fp/hard\libgcc.a(_aeabi_uldivmod.o)
 .ARM.attributes
                0x00000bc2       0x34 D:/STM32CubeIDE_1.15.1/STM32CubeIDE/plugins/com.st.stm32cube.ide.mcu.externaltools.gnu-tools-for-stm32.12.3.rel1.win32_1.0.100.202403111256/tools/bin/../lib/gcc/arm-none-eabi/12.3.1/thumb/v7e-m+fp/hard\libgcc.a(_udivmoddi4.o)
 .ARM.attributes
                0x00000bf6       0x22 D:/STM32CubeIDE_1.15.1/STM32CubeIDE/plugins/com.st.stm32cube.ide.mcu.externaltools.gnu-tools-for-stm32.12.3.rel1.win32_1.0.100.202403111256/tools/bin/../lib/gcc/arm-none-eabi/12.3.1/thumb/v7e-m+fp/hard\libgcc.a(_dvmd_tls.o)
 .ARM.attributes
                0x00000c18       0x22 D:/STM32CubeIDE_1.15.1/STM32CubeIDE/plugins/com.st.stm32cube.ide.mcu.externaltools.gnu-tools-for-stm32.12.3.rel1.win32_1.0.100.202403111256/tools/bin/../lib/gcc/arm-none-eabi/12.3.1/thumb/v7e-m+fp/hard/crtn.o
OUTPUT(Bai8_ESP_Wifi.elf elf32-littlearm)
LOAD linker stubs
LOAD D:/STM32CubeIDE_1.15.1/STM32CubeIDE/plugins/com.st.stm32cube.ide.mcu.externaltools.gnu-tools-for-stm32.12.3.rel1.win32_1.0.100.202403111256/tools/bin/../lib/gcc/arm-none-eabi/12.3.1/../../../../arm-none-eabi/lib/thumb/v7e-m+fp/hard\libc.a
LOAD D:/STM32CubeIDE_1.15.1/STM32CubeIDE/plugins/com.st.stm32cube.ide.mcu.externaltools.gnu-tools-for-stm32.12.3.rel1.win32_1.0.100.202403111256/tools/bin/../lib/gcc/arm-none-eabi/12.3.1/../../../../arm-none-eabi/lib/thumb/v7e-m+fp/hard\libm.a
LOAD D:/STM32CubeIDE_1.15.1/STM32CubeIDE/plugins/com.st.stm32cube.ide.mcu.externaltools.gnu-tools-for-stm32.12.3.rel1.win32_1.0.100.202403111256/tools/bin/../lib/gcc/arm-none-eabi/12.3.1/thumb/v7e-m+fp/hard\libgcc.a

.debug_info     0x00000000    0x19453
 .debug_info    0x00000000      0x2fd ./Core/Src/ada_update.o
 .debug_info    0x000002fd      0x9f1 ./Core/Src/adc.o
 .debug_info    0x00000cee      0x76e ./Core/Src/button.o
 .debug_info    0x0000145c      0x4ad ./Core/Src/dma.o
 .debug_info    0x00001909      0x99a ./Core/Src/fsmc.o
 .debug_info    0x000022a3      0x479 ./Core/Src/gpio.o
 .debug_info    0x0000271c      0x968 ./Core/Src/i2c.o
 .debug_info    0x00003084      0xd9a ./Core/Src/lcd.o
 .debug_info    0x00003e1e      0x803 ./Core/Src/led_7seg.o
 .debug_info    0x00004621      0x280 ./Core/Src/light_control.o
 .debug_info    0x000048a1      0x68e ./Core/Src/main.o
 .debug_info    0x00004f2f      0x67f ./Core/Src/sensor.o
 .debug_info    0x000055ae      0x777 ./Core/Src/software_timer.o
 .debug_info    0x00005d25      0x943 ./Core/Src/spi.o
 .debug_info    0x00006668      0x269 ./Core/Src/stm32f4xx_hal_msp.o
 .debug_info    0x000068d1      0x9ae ./Core/Src/stm32f4xx_it.o
 .debug_info    0x0000727f      0x168 ./Core/Src/sysmem.o
 .debug_info    0x000073e7      0x512 ./Core/Src/system_stm32f4xx.o
 .debug_info    0x000078f9      0xeeb ./Core/Src/tim.o
 .debug_info    0x000087e4      0x8ac ./Core/Src/uart.o
 .debug_info    0x00009090      0xbbd ./Core/Src/usart.o
 .debug_info    0x00009c4d       0x30 ./Core/Startup/startup_stm32f407zetx.o
 .debug_info    0x00009c7d      0x948 ./Drivers/STM32F4xx_HAL_Driver/Src/stm32f4xx_hal.o
 .debug_info    0x0000a5c5      0xcb6 ./Drivers/STM32F4xx_HAL_Driver/Src/stm32f4xx_hal_adc.o
 .debug_info    0x0000b27b      0xd46 ./Drivers/STM32F4xx_HAL_Driver/Src/stm32f4xx_hal_cortex.o
 .debug_info    0x0000bfc1      0x8e7 ./Drivers/STM32F4xx_HAL_Driver/Src/stm32f4xx_hal_dma.o
 .debug_info    0x0000c8a8      0x6c3 ./Drivers/STM32F4xx_HAL_Driver/Src/stm32f4xx_hal_gpio.o
 .debug_info    0x0000cf6b     0x23e1 ./Drivers/STM32F4xx_HAL_Driver/Src/stm32f4xx_hal_i2c.o
 .debug_info    0x0000f34c      0x8b1 ./Drivers/STM32F4xx_HAL_Driver/Src/stm32f4xx_hal_rcc.o
 .debug_info    0x0000fbfd     0x15fb ./Drivers/STM32F4xx_HAL_Driver/Src/stm32f4xx_hal_spi.o
 .debug_info    0x000111f8      0xb3e ./Drivers/STM32F4xx_HAL_Driver/Src/stm32f4xx_hal_sram.o
 .debug_info    0x00011d36     0x2949 ./Drivers/STM32F4xx_HAL_Driver/Src/stm32f4xx_hal_tim.o
 .debug_info    0x0001467f     0x14ae ./Drivers/STM32F4xx_HAL_Driver/Src/stm32f4xx_hal_tim_ex.o
 .debug_info    0x00015b2d     0x2f9a ./Drivers/STM32F4xx_HAL_Driver/Src/stm32f4xx_hal_uart.o
 .debug_info    0x00018ac7      0x98c ./Drivers/STM32F4xx_HAL_Driver/Src/stm32f4xx_ll_fsmc.o

.debug_abbrev   0x00000000     0x440b
 .debug_abbrev  0x00000000      0x11d ./Core/Src/ada_update.o
 .debug_abbrev  0x0000011d      0x205 ./Core/Src/adc.o
 .debug_abbrev  0x00000322      0x1dd ./Core/Src/button.o
 .debug_abbrev  0x000004ff      0x10e ./Core/Src/dma.o
 .debug_abbrev  0x0000060d      0x215 ./Core/Src/fsmc.o
 .debug_abbrev  0x00000822      0x152 ./Core/Src/gpio.o
 .debug_abbrev  0x00000974      0x1f1 ./Core/Src/i2c.o
 .debug_abbrev  0x00000b65      0x341 ./Core/Src/lcd.o
 .debug_abbrev  0x00000ea6      0x1cc ./Core/Src/led_7seg.o
 .debug_abbrev  0x00001072      0x161 ./Core/Src/light_control.o
 .debug_abbrev  0x000011d3      0x270 ./Core/Src/main.o
 .debug_abbrev  0x00001443      0x1a8 ./Core/Src/sensor.o
 .debug_abbrev  0x000015eb      0x1fd ./Core/Src/software_timer.o
 .debug_abbrev  0x000017e8      0x1f3 ./Core/Src/spi.o
 .debug_abbrev  0x000019db       0xd8 ./Core/Src/stm32f4xx_hal_msp.o
 .debug_abbrev  0x00001ab3      0x194 ./Core/Src/stm32f4xx_it.o
 .debug_abbrev  0x00001c47       0xbc ./Core/Src/sysmem.o
 .debug_abbrev  0x00001d03      0x11a ./Core/Src/system_stm32f4xx.o
 .debug_abbrev  0x00001e1d      0x225 ./Core/Src/tim.o
 .debug_abbrev  0x00002042      0x23f ./Core/Src/uart.o
 .debug_abbrev  0x00002281      0x217 ./Core/Src/usart.o
 .debug_abbrev  0x00002498       0x24 ./Core/Startup/startup_stm32f407zetx.o
 .debug_abbrev  0x000024bc      0x213 ./Drivers/STM32F4xx_HAL_Driver/Src/stm32f4xx_hal.o
 .debug_abbrev  0x000026cf      0x252 ./Drivers/STM32F4xx_HAL_Driver/Src/stm32f4xx_hal_adc.o
 .debug_abbrev  0x00002921      0x327 ./Drivers/STM32F4xx_HAL_Driver/Src/stm32f4xx_hal_cortex.o
 .debug_abbrev  0x00002c48      0x264 ./Drivers/STM32F4xx_HAL_Driver/Src/stm32f4xx_hal_dma.o
 .debug_abbrev  0x00002eac      0x1d4 ./Drivers/STM32F4xx_HAL_Driver/Src/stm32f4xx_hal_gpio.o
 .debug_abbrev  0x00003080      0x2ad ./Drivers/STM32F4xx_HAL_Driver/Src/stm32f4xx_hal_i2c.o
 .debug_abbrev  0x0000332d      0x2b6 ./Drivers/STM32F4xx_HAL_Driver/Src/stm32f4xx_hal_rcc.o
 .debug_abbrev  0x000035e3      0x284 ./Drivers/STM32F4xx_HAL_Driver/Src/stm32f4xx_hal_spi.o
 .debug_abbrev  0x00003867      0x208 ./Drivers/STM32F4xx_HAL_Driver/Src/stm32f4xx_hal_sram.o
 .debug_abbrev  0x00003a6f      0x271 ./Drivers/STM32F4xx_HAL_Driver/Src/stm32f4xx_hal_tim.o
 .debug_abbrev  0x00003ce0      0x27c ./Drivers/STM32F4xx_HAL_Driver/Src/stm32f4xx_hal_tim_ex.o
 .debug_abbrev  0x00003f5c      0x307 ./Drivers/STM32F4xx_HAL_Driver/Src/stm32f4xx_hal_uart.o
 .debug_abbrev  0x00004263      0x1a8 ./Drivers/STM32F4xx_HAL_Driver/Src/stm32f4xx_ll_fsmc.o

.debug_aranges  0x00000000     0x16b0
 .debug_aranges
                0x00000000       0x20 ./Core/Src/ada_update.o
 .debug_aranges
                0x00000020       0x30 ./Core/Src/adc.o
 .debug_aranges
                0x00000050       0x28 ./Core/Src/button.o
 .debug_aranges
                0x00000078       0x20 ./Core/Src/dma.o
 .debug_aranges
                0x00000098       0x40 ./Core/Src/fsmc.o
 .debug_aranges
                0x000000d8       0x20 ./Core/Src/gpio.o
 .debug_aranges
                0x000000f8       0x30 ./Core/Src/i2c.o
 .debug_aranges
                0x00000128       0xd8 ./Core/Src/lcd.o
 .debug_aranges
                0x00000200       0x48 ./Core/Src/led_7seg.o
 .debug_aranges
                0x00000248       0x28 ./Core/Src/light_control.o
 .debug_aranges
                0x00000270       0x40 ./Core/Src/main.o
 .debug_aranges
                0x000002b0       0x50 ./Core/Src/sensor.o
 .debug_aranges
                0x00000300       0x40 ./Core/Src/software_timer.o
 .debug_aranges
                0x00000340       0x30 ./Core/Src/spi.o
 .debug_aranges
                0x00000370       0x20 ./Core/Src/stm32f4xx_hal_msp.o
 .debug_aranges
                0x00000390       0x80 ./Core/Src/stm32f4xx_it.o
 .debug_aranges
                0x00000410       0x20 ./Core/Src/sysmem.o
 .debug_aranges
                0x00000430       0x28 ./Core/Src/system_stm32f4xx.o
 .debug_aranges
                0x00000458       0x48 ./Core/Src/tim.o
 .debug_aranges
                0x000004a0       0x60 ./Core/Src/uart.o
 .debug_aranges
                0x00000500       0x38 ./Core/Src/usart.o
 .debug_aranges
                0x00000538       0x28 ./Core/Startup/startup_stm32f407zetx.o
 .debug_aranges
                0x00000560       0xf0 ./Drivers/STM32F4xx_HAL_Driver/Src/stm32f4xx_hal.o
 .debug_aranges
                0x00000650       0xe8 ./Drivers/STM32F4xx_HAL_Driver/Src/stm32f4xx_hal_adc.o
 .debug_aranges
                0x00000738      0x118 ./Drivers/STM32F4xx_HAL_Driver/Src/stm32f4xx_hal_cortex.o
 .debug_aranges
                0x00000850       0x90 ./Drivers/STM32F4xx_HAL_Driver/Src/stm32f4xx_hal_dma.o
 .debug_aranges
                0x000008e0       0x58 ./Drivers/STM32F4xx_HAL_Driver/Src/stm32f4xx_hal_gpio.o
 .debug_aranges
                0x00000938      0x2a0 ./Drivers/STM32F4xx_HAL_Driver/Src/stm32f4xx_hal_i2c.o
 .debug_aranges
                0x00000bd8       0x88 ./Drivers/STM32F4xx_HAL_Driver/Src/stm32f4xx_hal_rcc.o
 .debug_aranges
                0x00000c60      0x1d0 ./Drivers/STM32F4xx_HAL_Driver/Src/stm32f4xx_hal_spi.o
 .debug_aranges
                0x00000e30       0xa0 ./Drivers/STM32F4xx_HAL_Driver/Src/stm32f4xx_hal_sram.o
 .debug_aranges
                0x00000ed0      0x3d0 ./Drivers/STM32F4xx_HAL_Driver/Src/stm32f4xx_hal_tim.o
 .debug_aranges
                0x000012a0      0x168 ./Drivers/STM32F4xx_HAL_Driver/Src/stm32f4xx_hal_tim_ex.o
 .debug_aranges
                0x00001408      0x200 ./Drivers/STM32F4xx_HAL_Driver/Src/stm32f4xx_hal_uart.o
 .debug_aranges
                0x00001608       0xa8 ./Drivers/STM32F4xx_HAL_Driver/Src/stm32f4xx_ll_fsmc.o

.debug_rnglists
                0x00000000     0x11a3
 .debug_rnglists
                0x00000000       0x14 ./Core/Src/ada_update.o
 .debug_rnglists
                0x00000014       0x21 ./Core/Src/adc.o
 .debug_rnglists
                0x00000035       0x1a ./Core/Src/button.o
 .debug_rnglists
                0x0000004f       0x13 ./Core/Src/dma.o
 .debug_rnglists
                0x00000062       0x2d ./Core/Src/fsmc.o
 .debug_rnglists
                0x0000008f       0x14 ./Core/Src/gpio.o
 .debug_rnglists
                0x000000a3       0x20 ./Core/Src/i2c.o
 .debug_rnglists
                0x000000c3       0xa8 ./Core/Src/lcd.o
 .debug_rnglists
                0x0000016b       0x32 ./Core/Src/led_7seg.o
 .debug_rnglists
                0x0000019d       0x25 ./Core/Src/light_control.o
 .debug_rnglists
                0x000001c2       0x2c ./Core/Src/main.o
 .debug_rnglists
                0x000001ee       0x38 ./Core/Src/sensor.o
 .debug_rnglists
                0x00000226       0x2b ./Core/Src/software_timer.o
 .debug_rnglists
                0x00000251       0x20 ./Core/Src/spi.o
 .debug_rnglists
                0x00000271       0x13 ./Core/Src/stm32f4xx_hal_msp.o
 .debug_rnglists
                0x00000284       0x5b ./Core/Src/stm32f4xx_it.o
 .debug_rnglists
                0x000002df       0x13 ./Core/Src/sysmem.o
 .debug_rnglists
                0x000002f2       0x1a ./Core/Src/system_stm32f4xx.o
 .debug_rnglists
                0x0000030c       0x35 ./Core/Src/tim.o
 .debug_rnglists
                0x00000341       0x45 ./Core/Src/uart.o
 .debug_rnglists
                0x00000386       0x26 ./Core/Src/usart.o
 .debug_rnglists
                0x000003ac       0x19 ./Core/Startup/startup_stm32f407zetx.o
 .debug_rnglists
                0x000003c5       0xaf ./Drivers/STM32F4xx_HAL_Driver/Src/stm32f4xx_hal.o
 .debug_rnglists
                0x00000474       0xb5 ./Drivers/STM32F4xx_HAL_Driver/Src/stm32f4xx_hal_adc.o
 .debug_rnglists
                0x00000529       0xce ./Drivers/STM32F4xx_HAL_Driver/Src/stm32f4xx_hal_cortex.o
 .debug_rnglists
                0x000005f7       0x70 ./Drivers/STM32F4xx_HAL_Driver/Src/stm32f4xx_hal_dma.o
 .debug_rnglists
                0x00000667       0x3f ./Drivers/STM32F4xx_HAL_Driver/Src/stm32f4xx_hal_gpio.o
 .debug_rnglists
                0x000006a6      0x23f ./Drivers/STM32F4xx_HAL_Driver/Src/stm32f4xx_hal_i2c.o
 .debug_rnglists
                0x000008e5       0x66 ./Drivers/STM32F4xx_HAL_Driver/Src/stm32f4xx_hal_rcc.o
 .debug_rnglists
                0x0000094b      0x16f ./Drivers/STM32F4xx_HAL_Driver/Src/stm32f4xx_hal_spi.o
 .debug_rnglists
                0x00000aba       0x76 ./Drivers/STM32F4xx_HAL_Driver/Src/stm32f4xx_hal_sram.o
 .debug_rnglists
                0x00000b30      0x31a ./Drivers/STM32F4xx_HAL_Driver/Src/stm32f4xx_hal_tim.o
 .debug_rnglists
                0x00000e4a      0x125 ./Drivers/STM32F4xx_HAL_Driver/Src/stm32f4xx_hal_tim_ex.o
 .debug_rnglists
                0x00000f6f      0x1b7 ./Drivers/STM32F4xx_HAL_Driver/Src/stm32f4xx_hal_uart.o
 .debug_rnglists
                0x00001126       0x7d ./Drivers/STM32F4xx_HAL_Driver/Src/stm32f4xx_ll_fsmc.o

.debug_macro    0x00000000    0x26945
 .debug_macro   0x00000000      0x401 ./Core/Src/ada_update.o
 .debug_macro   0x00000401      0xab4 ./Core/Src/ada_update.o
 .debug_macro   0x00000eb5      0x2b3 ./Core/Src/ada_update.o
 .debug_macro   0x00001168       0x2e ./Core/Src/ada_update.o
 .debug_macro   0x00001196       0x2f ./Core/Src/ada_update.o
 .debug_macro   0x000011c5       0x22 ./Core/Src/ada_update.o
 .debug_macro   0x000011e7       0x8e ./Core/Src/ada_update.o
 .debug_macro   0x00001275       0x51 ./Core/Src/ada_update.o
 .debug_macro   0x000012c6      0x103 ./Core/Src/ada_update.o
 .debug_macro   0x000013c9       0x6a ./Core/Src/ada_update.o
 .debug_macro   0x00001433      0x1df ./Core/Src/ada_update.o
 .debug_macro   0x00001612       0x1c ./Core/Src/ada_update.o
 .debug_macro   0x0000162e       0x22 ./Core/Src/ada_update.o
 .debug_macro   0x00001650       0xd9 ./Core/Src/ada_update.o
 .debug_macro   0x00001729     0x102d ./Core/Src/ada_update.o
 .debug_macro   0x00002756      0x11f ./Core/Src/ada_update.o
 .debug_macro   0x00002875    0x15e58 ./Core/Src/ada_update.o
 .debug_macro   0x000186cd       0x6d ./Core/Src/ada_update.o
 .debug_macro   0x0001873a     0x3666 ./Core/Src/ada_update.o
 .debug_macro   0x0001bda0      0x189 ./Core/Src/ada_update.o
 .debug_macro   0x0001bf29       0x5c ./Core/Src/ada_update.o
 .debug_macro   0x0001bf85      0x96b ./Core/Src/ada_update.o
 .debug_macro   0x0001c8f0      0x9fe ./Core/Src/ada_update.o
 .debug_macro   0x0001d2ee      0x116 ./Core/Src/ada_update.o
 .debug_macro   0x0001d404      0x13e ./Core/Src/ada_update.o
 .debug_macro   0x0001d542       0xa5 ./Core/Src/ada_update.o
 .debug_macro   0x0001d5e7      0x174 ./Core/Src/ada_update.o
 .debug_macro   0x0001d75b      0x287 ./Core/Src/ada_update.o
 .debug_macro   0x0001d9e2       0x5f ./Core/Src/ada_update.o
 .debug_macro   0x0001da41      0x236 ./Core/Src/ada_update.o
 .debug_macro   0x0001dc77      0xb5b ./Core/Src/ada_update.o
 .debug_macro   0x0001e7d2      0x38b ./Core/Src/ada_update.o
 .debug_macro   0x0001eb5d      0x176 ./Core/Src/ada_update.o
 .debug_macro   0x0001ecd3       0xf9 ./Core/Src/ada_update.o
 .debug_macro   0x0001edcc      0x12c ./Core/Src/ada_update.o
 .debug_macro   0x0001eef8      0x21e ./Core/Src/ada_update.o
 .debug_macro   0x0001f116       0x2e ./Core/Src/ada_update.o
 .debug_macro   0x0001f144      0x543 ./Core/Src/ada_update.o
 .debug_macro   0x0001f687      0x1b5 ./Core/Src/ada_update.o
 .debug_macro   0x0001f83c       0xd6 ./Core/Src/ada_update.o
 .debug_macro   0x0001f912      0x11a ./Core/Src/ada_update.o
 .debug_macro   0x0001fa2c       0x7e ./Core/Src/ada_update.o
 .debug_macro   0x0001faaa       0x89 ./Core/Src/ada_update.o
 .debug_macro   0x0001fb33      0x225 ./Core/Src/ada_update.o
 .debug_macro   0x0001fd58      0x8d1 ./Core/Src/ada_update.o
 .debug_macro   0x00020629       0x47 ./Core/Src/ada_update.o
 .debug_macro   0x00020670      0x295 ./Core/Src/ada_update.o
 .debug_macro   0x00020905      0x12d ./Core/Src/ada_update.o
 .debug_macro   0x00020a32       0xdc ./Core/Src/ada_update.o
 .debug_macro   0x00020b0e       0x61 ./Core/Src/ada_update.o
 .debug_macro   0x00020b6f       0x2a ./Core/Src/ada_update.o
 .debug_macro   0x00020b99       0x43 ./Core/Src/ada_update.o
 .debug_macro   0x00020bdc       0x34 ./Core/Src/ada_update.o
 .debug_macro   0x00020c10       0x16 ./Core/Src/ada_update.o
 .debug_macro   0x00020c26       0x35 ./Core/Src/ada_update.o
 .debug_macro   0x00020c5b      0x369 ./Core/Src/ada_update.o
 .debug_macro   0x00020fc4       0x10 ./Core/Src/ada_update.o
 .debug_macro   0x00020fd4       0x16 ./Core/Src/ada_update.o
 .debug_macro   0x00020fea       0x43 ./Core/Src/ada_update.o
 .debug_macro   0x0002102d       0x34 ./Core/Src/ada_update.o
 .debug_macro   0x00021061       0x10 ./Core/Src/ada_update.o
 .debug_macro   0x00021071       0x58 ./Core/Src/ada_update.o
 .debug_macro   0x000210c9       0x8e ./Core/Src/ada_update.o
 .debug_macro   0x00021157       0x1c ./Core/Src/ada_update.o
 .debug_macro   0x00021173      0x177 ./Core/Src/ada_update.o
 .debug_macro   0x000212ea       0x16 ./Core/Src/ada_update.o
 .debug_macro   0x00021300       0x16 ./Core/Src/ada_update.o
 .debug_macro   0x00021316      0x146 ./Core/Src/ada_update.o
 .debug_macro   0x0002145c       0x16 ./Core/Src/ada_update.o
 .debug_macro   0x00021472       0x16 ./Core/Src/ada_update.o
 .debug_macro   0x00021488       0x29 ./Core/Src/ada_update.o
 .debug_macro   0x000214b1       0x16 ./Core/Src/ada_update.o
 .debug_macro   0x000214c7       0x20 ./Core/Src/ada_update.o
 .debug_macro   0x000214e7       0xca ./Core/Src/ada_update.o
 .debug_macro   0x000215b1      0x24e ./Core/Src/adc.o
 .debug_macro   0x000217ff      0x262 ./Core/Src/button.o
 .debug_macro   0x00021a61      0x24e ./Core/Src/dma.o
 .debug_macro   0x00021caf      0x24e ./Core/Src/fsmc.o
 .debug_macro   0x00021efd      0x24e ./Core/Src/gpio.o
 .debug_macro   0x0002214b      0x24e ./Core/Src/i2c.o
 .debug_macro   0x00022399      0x36d ./Core/Src/lcd.o
 .debug_macro   0x00022706      0x258 ./Core/Src/led_7seg.o